<?xml version="1.0"?>
<link_info>
   <banner>TI ARM Linker PC v5.2.5</banner>
   <copyright>Copyright (c) 1996-2015 Texas Instruments Incorporated</copyright>
   <link_time>0x58796237</link_time>
   <link_errors>0x0</link_errors>
   <output_file>SDCS_beta.out</output_file>
   <entry_point>
      <name>_c_int00</name>
      <address>0x5a8d</address>
   </entry_point>
   <input_file_list>
      <input_file id="fl-2">
         <path>.\</path>
         <kind>object</kind>
         <file>GUI.obj</file>
         <name>GUI.obj</name>
      </input_file>
      <input_file id="fl-3">
         <path>.\</path>
         <kind>object</kind>
         <file>SDCS_beta.obj</file>
         <name>SDCS_beta.obj</name>
      </input_file>
      <input_file id="fl-4">
         <path>.\</path>
         <kind>object</kind>
         <file>TimeOut.obj</file>
         <name>TimeOut.obj</name>
      </input_file>
      <input_file id="fl-5">
         <path>.\</path>
         <kind>object</kind>
         <file>msp432_startup_ccs.obj</file>
         <name>msp432_startup_ccs.obj</name>
      </input_file>
      <input_file id="fl-6">
         <path>.\</path>
         <kind>object</kind>
         <file>printf.obj</file>
         <name>printf.obj</name>
      </input_file>
      <input_file id="fl-7">
         <path>.\wrappedI2C\</path>
         <kind>object</kind>
         <file>wrappedi2c.obj</file>
         <name>wrappedi2c.obj</name>
      </input_file>
      <input_file id="fl-8">
         <path>.\RFID\</path>
         <kind>object</kind>
         <file>RC522-multi.obj</file>
         <name>RC522-multi.obj</name>
      </input_file>
      <input_file id="fl-9">
         <path>.\OLEDlibrary\</path>
         <kind>object</kind>
         <file>OLED.obj</file>
         <name>OLED.obj</name>
      </input_file>
      <input_file id="fl-a">
         <path>.\GaugeSensor\</path>
         <kind>object</kind>
         <file>GaugeSensor.obj</file>
         <name>GaugeSensor.obj</name>
      </input_file>
      <input_file id="fl-b">
         <path>.\GaugeSensor\</path>
         <kind>object</kind>
         <file>RingBuffer.obj</file>
         <name>RingBuffer.obj</name>
      </input_file>
      <input_file id="fl-c">
         <path>.\CAN\</path>
         <kind>object</kind>
         <file>EDCTUComm.obj</file>
         <name>EDCTUComm.obj</name>
      </input_file>
      <input_file id="fl-d">
         <path>.\CAN\</path>
         <kind>object</kind>
         <file>mcp2515.obj</file>
         <name>mcp2515.obj</name>
      </input_file>
      <input_file id="fl-13">
         <path>..\</path>
         <kind>archive</kind>
         <file>msp432p4xx_driverlib.lib</file>
         <name>cs.o</name>
      </input_file>
      <input_file id="fl-14">
         <path>..\</path>
         <kind>archive</kind>
         <file>msp432p4xx_driverlib.lib</file>
         <name>flash.o</name>
      </input_file>
      <input_file id="fl-15">
         <path>..\</path>
         <kind>archive</kind>
         <file>msp432p4xx_driverlib.lib</file>
         <name>gpio.o</name>
      </input_file>
      <input_file id="fl-16">
         <path>..\</path>
         <kind>archive</kind>
         <file>msp432p4xx_driverlib.lib</file>
         <name>i2c.o</name>
      </input_file>
      <input_file id="fl-17">
         <path>..\</path>
         <kind>archive</kind>
         <file>msp432p4xx_driverlib.lib</file>
         <name>interrupt.o</name>
      </input_file>
      <input_file id="fl-18">
         <path>..\</path>
         <kind>archive</kind>
         <file>msp432p4xx_driverlib.lib</file>
         <name>reset.o</name>
      </input_file>
      <input_file id="fl-19">
         <path>..\</path>
         <kind>archive</kind>
         <file>msp432p4xx_driverlib.lib</file>
         <name>spi.o</name>
      </input_file>
      <input_file id="fl-1a">
         <path>..\</path>
         <kind>archive</kind>
         <file>msp432p4xx_driverlib.lib</file>
         <name>sysctl.o</name>
      </input_file>
      <input_file id="fl-1b">
         <path>..\</path>
         <kind>archive</kind>
         <file>msp432p4xx_driverlib.lib</file>
         <name>uart.o</name>
      </input_file>
      <input_file id="fl-1c">
         <path>..\</path>
         <kind>archive</kind>
         <file>msp432p4xx_driverlib.lib</file>
         <name>wdt_a.o</name>
      </input_file>
      <input_file id="fl-1d">
         <path>..\</path>
         <kind>archive</kind>
         <file>msp432p4xx_driverlib.lib</file>
         <name>cpu.o</name>
      </input_file>
      <input_file id="fl-13f">
         <path>C:\ti\ccsv6\tools\compiler\ti-cgt-arm_5.2.5\lib\</path>
         <kind>archive</kind>
         <file>rtsv7M4_T_le_v4SPD16_eabi.lib</file>
         <name>atof.obj</name>
      </input_file>
      <input_file id="fl-140">
         <path>C:\ti\ccsv6\tools\compiler\ti-cgt-arm_5.2.5\lib\</path>
         <kind>archive</kind>
         <file>rtsv7M4_T_le_v4SPD16_eabi.lib</file>
         <name>boot.obj</name>
      </input_file>
      <input_file id="fl-141">
         <path>C:\ti\ccsv6\tools\compiler\ti-cgt-arm_5.2.5\lib\</path>
         <kind>archive</kind>
         <file>rtsv7M4_T_le_v4SPD16_eabi.lib</file>
         <name>copy_decompress_none.obj</name>
      </input_file>
      <input_file id="fl-142">
         <path>C:\ti\ccsv6\tools\compiler\ti-cgt-arm_5.2.5\lib\</path>
         <kind>archive</kind>
         <file>rtsv7M4_T_le_v4SPD16_eabi.lib</file>
         <name>copy_decompress_rle.obj</name>
      </input_file>
      <input_file id="fl-143">
         <path>C:\ti\ccsv6\tools\compiler\ti-cgt-arm_5.2.5\lib\</path>
         <kind>archive</kind>
         <file>rtsv7M4_T_le_v4SPD16_eabi.lib</file>
         <name>copy_zero_init.obj</name>
      </input_file>
      <input_file id="fl-144">
         <path>C:\ti\ccsv6\tools\compiler\ti-cgt-arm_5.2.5\lib\</path>
         <kind>archive</kind>
         <file>rtsv7M4_T_le_v4SPD16_eabi.lib</file>
         <name>exit.obj</name>
      </input_file>
      <input_file id="fl-145">
         <path>C:\ti\ccsv6\tools\compiler\ti-cgt-arm_5.2.5\lib\</path>
         <kind>archive</kind>
         <file>rtsv7M4_T_le_v4SPD16_eabi.lib</file>
         <name>fd_mul_t2.obj</name>
      </input_file>
      <input_file id="fl-146">
         <path>C:\ti\ccsv6\tools\compiler\ti-cgt-arm_5.2.5\lib\</path>
         <kind>archive</kind>
         <file>rtsv7M4_T_le_v4SPD16_eabi.lib</file>
         <name>fd_tou_t2.obj</name>
      </input_file>
      <input_file id="fl-147">
         <path>C:\ti\ccsv6\tools\compiler\ti-cgt-arm_5.2.5\lib\</path>
         <kind>archive</kind>
         <file>rtsv7M4_T_le_v4SPD16_eabi.lib</file>
         <name>memcpy_t2.obj</name>
      </input_file>
      <input_file id="fl-148">
         <path>C:\ti\ccsv6\tools\compiler\ti-cgt-arm_5.2.5\lib\</path>
         <kind>archive</kind>
         <file>rtsv7M4_T_le_v4SPD16_eabi.lib</file>
         <name>memset_t2.obj</name>
      </input_file>
      <input_file id="fl-149">
         <path>C:\ti\ccsv6\tools\compiler\ti-cgt-arm_5.2.5\lib\</path>
         <kind>archive</kind>
         <file>rtsv7M4_T_le_v4SPD16_eabi.lib</file>
         <name>pre_init.obj</name>
      </input_file>
      <input_file id="fl-14a">
         <path>C:\ti\ccsv6\tools\compiler\ti-cgt-arm_5.2.5\lib\</path>
         <kind>archive</kind>
         <file>rtsv7M4_T_le_v4SPD16_eabi.lib</file>
         <name>sprintf.obj</name>
      </input_file>
      <input_file id="fl-14b">
         <path>C:\ti\ccsv6\tools\compiler\ti-cgt-arm_5.2.5\lib\</path>
         <kind>archive</kind>
         <file>rtsv7M4_T_le_v4SPD16_eabi.lib</file>
         <name>stkdepth_vars.obj</name>
      </input_file>
      <input_file id="fl-14c">
         <path>C:\ti\ccsv6\tools\compiler\ti-cgt-arm_5.2.5\lib\</path>
         <kind>archive</kind>
         <file>rtsv7M4_T_le_v4SPD16_eabi.lib</file>
         <name>strtod.obj</name>
      </input_file>
      <input_file id="fl-14d">
         <path>C:\ti\ccsv6\tools\compiler\ti-cgt-arm_5.2.5\lib\</path>
         <kind>archive</kind>
         <file>rtsv7M4_T_le_v4SPD16_eabi.lib</file>
         <name>_lock.obj</name>
      </input_file>
      <input_file id="fl-14e">
         <path>C:\ti\ccsv6\tools\compiler\ti-cgt-arm_5.2.5\lib\</path>
         <kind>archive</kind>
         <file>rtsv7M4_T_le_v4SPD16_eabi.lib</file>
         <name>_printfi.obj</name>
      </input_file>
      <input_file id="fl-14f">
         <path>C:\ti\ccsv6\tools\compiler\ti-cgt-arm_5.2.5\lib\</path>
         <kind>archive</kind>
         <file>rtsv7M4_T_le_v4SPD16_eabi.lib</file>
         <name>args_main.obj</name>
      </input_file>
      <input_file id="fl-150">
         <path>C:\ti\ccsv6\tools\compiler\ti-cgt-arm_5.2.5\lib\</path>
         <kind>archive</kind>
         <file>rtsv7M4_T_le_v4SPD16_eabi.lib</file>
         <name>atoi.obj</name>
      </input_file>
      <input_file id="fl-151">
         <path>C:\ti\ccsv6\tools\compiler\ti-cgt-arm_5.2.5\lib\</path>
         <kind>archive</kind>
         <file>rtsv7M4_T_le_v4SPD16_eabi.lib</file>
         <name>autoinit.obj</name>
      </input_file>
      <input_file id="fl-152">
         <path>C:\ti\ccsv6\tools\compiler\ti-cgt-arm_5.2.5\lib\</path>
         <kind>archive</kind>
         <file>rtsv7M4_T_le_v4SPD16_eabi.lib</file>
         <name>cpy_tbl.obj</name>
      </input_file>
      <input_file id="fl-153">
         <path>C:\ti\ccsv6\tools\compiler\ti-cgt-arm_5.2.5\lib\</path>
         <kind>archive</kind>
         <file>rtsv7M4_T_le_v4SPD16_eabi.lib</file>
         <name>ctype.obj</name>
      </input_file>
      <input_file id="fl-154">
         <path>C:\ti\ccsv6\tools\compiler\ti-cgt-arm_5.2.5\lib\</path>
         <kind>archive</kind>
         <file>rtsv7M4_T_le_v4SPD16_eabi.lib</file>
         <name>errno.obj</name>
      </input_file>
      <input_file id="fl-155">
         <path>C:\ti\ccsv6\tools\compiler\ti-cgt-arm_5.2.5\lib\</path>
         <kind>archive</kind>
         <file>rtsv7M4_T_le_v4SPD16_eabi.lib</file>
         <name>fd_add_t2.obj</name>
      </input_file>
      <input_file id="fl-156">
         <path>C:\ti\ccsv6\tools\compiler\ti-cgt-arm_5.2.5\lib\</path>
         <kind>archive</kind>
         <file>rtsv7M4_T_le_v4SPD16_eabi.lib</file>
         <name>fd_cmp_t2.obj</name>
      </input_file>
      <input_file id="fl-157">
         <path>C:\ti\ccsv6\tools\compiler\ti-cgt-arm_5.2.5\lib\</path>
         <kind>archive</kind>
         <file>rtsv7M4_T_le_v4SPD16_eabi.lib</file>
         <name>fd_div_t2.obj</name>
      </input_file>
      <input_file id="fl-158">
         <path>C:\ti\ccsv6\tools\compiler\ti-cgt-arm_5.2.5\lib\</path>
         <kind>archive</kind>
         <file>rtsv7M4_T_le_v4SPD16_eabi.lib</file>
         <name>fd_toi_t2.obj</name>
      </input_file>
      <input_file id="fl-159">
         <path>C:\ti\ccsv6\tools\compiler\ti-cgt-arm_5.2.5\lib\</path>
         <kind>archive</kind>
         <file>rtsv7M4_T_le_v4SPD16_eabi.lib</file>
         <name>frexp.obj</name>
      </input_file>
      <input_file id="fl-15a">
         <path>C:\ti\ccsv6\tools\compiler\ti-cgt-arm_5.2.5\lib\</path>
         <kind>archive</kind>
         <file>rtsv7M4_T_le_v4SPD16_eabi.lib</file>
         <name>i_tofd_t2.obj</name>
      </input_file>
      <input_file id="fl-15b">
         <path>C:\ti\ccsv6\tools\compiler\ti-cgt-arm_5.2.5\lib\</path>
         <kind>archive</kind>
         <file>rtsv7M4_T_le_v4SPD16_eabi.lib</file>
         <name>ldexp.obj</name>
      </input_file>
      <input_file id="fl-15c">
         <path>C:\ti\ccsv6\tools\compiler\ti-cgt-arm_5.2.5\lib\</path>
         <kind>archive</kind>
         <file>rtsv7M4_T_le_v4SPD16_eabi.lib</file>
         <name>ltoa.obj</name>
      </input_file>
      <input_file id="fl-15d">
         <path>C:\ti\ccsv6\tools\compiler\ti-cgt-arm_5.2.5\lib\</path>
         <kind>archive</kind>
         <file>rtsv7M4_T_le_v4SPD16_eabi.lib</file>
         <name>memccpy.obj</name>
      </input_file>
      <input_file id="fl-15e">
         <path>C:\ti\ccsv6\tools\compiler\ti-cgt-arm_5.2.5\lib\</path>
         <kind>archive</kind>
         <file>rtsv7M4_T_le_v4SPD16_eabi.lib</file>
         <name>strchr.obj</name>
      </input_file>
      <input_file id="fl-15f">
         <path>C:\ti\ccsv6\tools\compiler\ti-cgt-arm_5.2.5\lib\</path>
         <kind>archive</kind>
         <file>rtsv7M4_T_le_v4SPD16_eabi.lib</file>
         <name>strlen.obj</name>
      </input_file>
      <input_file id="fl-160">
         <path>C:\ti\ccsv6\tools\compiler\ti-cgt-arm_5.2.5\lib\</path>
         <kind>archive</kind>
         <file>rtsv7M4_T_le_v4SPD16_eabi.lib</file>
         <name>ull_div_t2.obj</name>
      </input_file>
      <input_file id="fl-161">
         <path>C:\ti\ccsv6\tools\compiler\ti-cgt-arm_5.2.5\lib\</path>
         <kind>archive</kind>
         <file>rtsv7M4_T_le_v4SPD16_eabi.lib</file>
         <name>xdclass.obj</name>
      </input_file>
      <input_file id="fl-162">
         <path>C:\ti\ccsv6\tools\compiler\ti-cgt-arm_5.2.5\lib\</path>
         <kind>archive</kind>
         <file>rtsv7M4_T_le_v4SPD16_eabi.lib</file>
         <name>xdscale.obj</name>
      </input_file>
      <input_file id="fl-163">
         <path>C:\ti\ccsv6\tools\compiler\ti-cgt-arm_5.2.5\lib\</path>
         <kind>archive</kind>
         <file>rtsv7M4_T_le_v4SPD16_eabi.lib</file>
         <name>xdunscal.obj</name>
      </input_file>
      <input_file id="fl-164">
         <path>C:\ti\ccsv6\tools\compiler\ti-cgt-arm_5.2.5\lib\</path>
         <kind>archive</kind>
         <file>rtsv7M4_T_le_v4SPD16_eabi.lib</file>
         <name>xferaise.obj</name>
      </input_file>
      <input_file id="fl-165">
         <path>C:\ti\ccsv6\tools\compiler\ti-cgt-arm_5.2.5\lib\</path>
         <kind>archive</kind>
         <file>rtsv7M4_T_le_v4SPD16_eabi.lib</file>
         <name>xvalues.obj</name>
      </input_file>
      <input_file id="fl-166">
         <path>C:\ti\ccsv6\tools\compiler\ti-cgt-arm_5.2.5\lib\</path>
         <kind>archive</kind>
         <file>rtsv7M4_T_le_v4SPD16_eabi.lib</file>
         <name>feraiseexcept.obj</name>
      </input_file>
      <input_file id="fl-167">
         <path>C:\ti\ccsv6\tools\compiler\ti-cgt-arm_5.2.5\lib\</path>
         <kind>archive</kind>
         <file>rtsv7M4_T_le_v4SPD16_eabi.lib</file>
         <name>raise.obj</name>
      </input_file>
      <input_file id="fl-168">
         <path>C:\ti\ccsv6\tools\compiler\ti-cgt-arm_5.2.5\lib\</path>
         <kind>archive</kind>
         <file>rtsv7M4_T_le_v4SPD16_eabi.lib</file>
         <name>signal.obj</name>
      </input_file>
      <input_file id="fl-169">
         <path>C:\ti\ccsv6\tools\compiler\ti-cgt-arm_5.2.5\lib\</path>
         <kind>archive</kind>
         <file>rtsv7M4_T_le_v4SPD16_eabi.lib</file>
         <name>xdnorm.obj</name>
      </input_file>
   </input_file_list>
   <object_component_list>
      <object_component id="oc-27">
         <name>.intvecs:retain</name>
         <load_address>0x0</load_address>
         <run_address>0x0</run_address>
         <size>0x140</size>
         <input_file_ref idref="fl-5"/>
      </object_component>
      <object_component id="oc-30c">
         <name>.text</name>
         <load_address>0x140</load_address>
         <run_address>0x140</run_address>
         <size>0x10ba</size>
         <input_file_ref idref="fl-14e"/>
      </object_component>
      <object_component id="oc-15b">
         <name>.text</name>
         <load_address>0x11fc</load_address>
         <run_address>0x11fc</run_address>
         <size>0xffc</size>
         <input_file_ref idref="fl-d"/>
      </object_component>
      <object_component id="oc-161">
         <name>.text</name>
         <load_address>0x21f8</load_address>
         <run_address>0x21f8</run_address>
         <size>0xa8a</size>
         <input_file_ref idref="fl-8"/>
      </object_component>
      <object_component id="oc-167">
         <name>.text</name>
         <load_address>0x2c84</load_address>
         <run_address>0x2c84</run_address>
         <size>0xa70</size>
         <input_file_ref idref="fl-9"/>
      </object_component>
      <object_component id="oc-7e">
         <name>.text</name>
         <load_address>0x36f4</load_address>
         <run_address>0x36f4</run_address>
         <size>0x950</size>
         <input_file_ref idref="fl-3"/>
      </object_component>
      <object_component id="oc-8a">
         <name>.text</name>
         <load_address>0x4044</load_address>
         <run_address>0x4044</run_address>
         <size>0x240</size>
         <input_file_ref idref="fl-2"/>
      </object_component>
      <object_component id="oc-1f3">
         <name>.text</name>
         <load_address>0x4284</load_address>
         <run_address>0x4284</run_address>
         <size>0x23c</size>
         <input_file_ref idref="fl-14c"/>
      </object_component>
      <object_component id="oc-382">
         <name>.text</name>
         <load_address>0x44c0</load_address>
         <run_address>0x44c0</run_address>
         <size>0x1f4</size>
         <input_file_ref idref="fl-160"/>
      </object_component>
      <object_component id="oc-2c0">
         <name>.text</name>
         <load_address>0x46b4</load_address>
         <run_address>0x46b4</run_address>
         <size>0x1b6</size>
         <input_file_ref idref="fl-155"/>
      </object_component>
      <object_component id="oc-d2">
         <name>.text</name>
         <load_address>0x486a</load_address>
         <run_address>0x486a</run_address>
         <size>0x136</size>
         <input_file_ref idref="fl-b"/>
      </object_component>
      <object_component id="oc-2ca">
         <name>.text</name>
         <load_address>0x49a0</load_address>
         <run_address>0x49a0</run_address>
         <size>0x136</size>
         <input_file_ref idref="fl-157"/>
      </object_component>
      <object_component id="oc-78">
         <name>.text</name>
         <load_address>0x4ad8</load_address>
         <run_address>0x4ad8</run_address>
         <size>0x12c</size>
         <input_file_ref idref="fl-a"/>
      </object_component>
      <object_component id="oc-248">
         <name>.text</name>
         <load_address>0x4c04</load_address>
         <run_address>0x4c04</run_address>
         <size>0x12c</size>
         <input_file_ref idref="fl-7"/>
      </object_component>
      <object_component id="oc-3fc">
         <name>.text</name>
         <load_address>0x4d30</load_address>
         <run_address>0x4d30</run_address>
         <size>0x110</size>
         <input_file_ref idref="fl-162"/>
      </object_component>
      <object_component id="oc-84">
         <name>.text</name>
         <load_address>0x4e40</load_address>
         <run_address>0x4e40</run_address>
         <size>0x108</size>
         <input_file_ref idref="fl-c"/>
      </object_component>
      <object_component id="oc-e4">
         <name>.text</name>
         <load_address>0x4f48</load_address>
         <run_address>0x4f48</run_address>
         <size>0xfc</size>
         <input_file_ref idref="fl-145"/>
      </object_component>
      <object_component id="oc-72">
         <name>.text</name>
         <load_address>0x5044</load_address>
         <run_address>0x5044</run_address>
         <size>0xec</size>
         <input_file_ref idref="fl-4"/>
      </object_component>
      <object_component id="oc-131">
         <name>.text:CS_initClockSignal</name>
         <load_address>0x5130</load_address>
         <run_address>0x5130</run_address>
         <size>0xe0</size>
         <input_file_ref idref="fl-13"/>
      </object_component>
      <object_component id="oc-426">
         <name>.text</name>
         <load_address>0x5210</load_address>
         <run_address>0x5210</run_address>
         <size>0xbe</size>
         <input_file_ref idref="fl-169"/>
      </object_component>
      <object_component id="oc-2b">
         <name>.text</name>
         <load_address>0x52ce</load_address>
         <run_address>0x52ce</run_address>
         <size>0x9c</size>
         <input_file_ref idref="fl-147"/>
      </object_component>
      <object_component id="oc-296">
         <name>.text:_FlashCtl_Program32</name>
         <load_address>0x536c</load_address>
         <run_address>0x536c</run_address>
         <size>0x88</size>
         <input_file_ref idref="fl-14"/>
      </object_component>
      <object_component id="oc-2c5">
         <name>.text:__aeabi_cdcmple</name>
         <load_address>0x53f4</load_address>
         <run_address>0x53f4</run_address>
         <size>0x86</size>
         <input_file_ref idref="fl-156"/>
      </object_component>
      <object_component id="oc-38d">
         <name>.text:__aeabi_cdrcmple</name>
         <load_address>0x547a</load_address>
         <run_address>0x547a</run_address>
         <size>0x86</size>
         <input_file_ref idref="fl-156"/>
      </object_component>
      <object_component id="oc-290">
         <name>.text:_FlashCtl_Program8</name>
         <load_address>0x5500</load_address>
         <run_address>0x5500</run_address>
         <size>0x80</size>
         <input_file_ref idref="fl-14"/>
      </object_component>
      <object_component id="oc-229">
         <name>.text:SPI_initMaster</name>
         <load_address>0x5580</load_address>
         <run_address>0x5580</run_address>
         <size>0x7c</size>
         <input_file_ref idref="fl-19"/>
      </object_component>
      <object_component id="oc-44">
         <name>.text</name>
         <load_address>0x55fc</load_address>
         <run_address>0x55fc</run_address>
         <size>0x7a</size>
         <input_file_ref idref="fl-148"/>
      </object_component>
      <object_component id="oc-56">
         <name>.text</name>
         <load_address>0x5678</load_address>
         <run_address>0x5678</run_address>
         <size>0x6c</size>
         <input_file_ref idref="fl-151"/>
      </object_component>
      <object_component id="oc-1a2">
         <name>.text:FlashCtl_programMemory</name>
         <load_address>0x56e4</load_address>
         <run_address>0x56e4</run_address>
         <size>0x6a</size>
         <input_file_ref idref="fl-14"/>
      </object_component>
      <object_component id="oc-37">
         <name>.text</name>
         <load_address>0x574e</load_address>
         <run_address>0x574e</run_address>
         <size>0x6a</size>
         <input_file_ref idref="fl-142"/>
      </object_component>
      <object_component id="oc-3f4">
         <name>.text</name>
         <load_address>0x57b8</load_address>
         <run_address>0x57b8</run_address>
         <size>0x66</size>
         <input_file_ref idref="fl-163"/>
      </object_component>
      <object_component id="oc-16d">
         <name>.text:Interrupt_enableInterrupt</name>
         <load_address>0x5820</load_address>
         <run_address>0x5820</run_address>
         <size>0x64</size>
         <input_file_ref idref="fl-17"/>
      </object_component>
      <object_component id="oc-242">
         <name>.text</name>
         <load_address>0x5884</load_address>
         <run_address>0x5884</run_address>
         <size>0x60</size>
         <input_file_ref idref="fl-14a"/>
      </object_component>
      <object_component id="oc-281">
         <name>.text:FlashCtl_isSectorProtected</name>
         <load_address>0x58e4</load_address>
         <run_address>0x58e4</run_address>
         <size>0x58</size>
         <input_file_ref idref="fl-14"/>
      </object_component>
      <object_component id="oc-196">
         <name>.text:FlashCtl_unprotectSector</name>
         <load_address>0x593c</load_address>
         <run_address>0x593c</run_address>
         <size>0x58</size>
         <input_file_ref idref="fl-14"/>
      </object_component>
      <object_component id="oc-397">
         <name>.text</name>
         <load_address>0x5994</load_address>
         <run_address>0x5994</run_address>
         <size>0x56</size>
         <input_file_ref idref="fl-15c"/>
      </object_component>
      <object_component id="oc-3a8">
         <name>.text</name>
         <load_address>0x59ea</load_address>
         <run_address>0x59ea</run_address>
         <size>0x52</size>
         <input_file_ref idref="fl-15b"/>
      </object_component>
      <object_component id="oc-1a8">
         <name>.text:FlashCtl_protectSector</name>
         <load_address>0x5a3c</load_address>
         <run_address>0x5a3c</run_address>
         <size>0x50</size>
         <input_file_ref idref="fl-14"/>
      </object_component>
      <object_component id="oc-22">
         <name>.text</name>
         <load_address>0x5a8c</load_address>
         <run_address>0x5a8c</run_address>
         <size>0x50</size>
         <input_file_ref idref="fl-140"/>
      </object_component>
      <object_component id="oc-d8">
         <name>.text:GPIO_setAsPeripheralModuleFunctionInputPin</name>
         <load_address>0x5adc</load_address>
         <run_address>0x5adc</run_address>
         <size>0x4c</size>
         <input_file_ref idref="fl-15"/>
      </object_component>
      <object_component id="oc-337">
         <name>.text:I2C_masterSendSingleByte</name>
         <load_address>0x5b28</load_address>
         <run_address>0x5b28</run_address>
         <size>0x4c</size>
         <input_file_ref idref="fl-16"/>
      </object_component>
      <object_component id="oc-3c0">
         <name>.text</name>
         <load_address>0x5b74</load_address>
         <run_address>0x5b74</run_address>
         <size>0x4c</size>
         <input_file_ref idref="fl-150"/>
      </object_component>
      <object_component id="oc-ac">
         <name>.text</name>
         <load_address>0x5bc0</load_address>
         <run_address>0x5bc0</run_address>
         <size>0x4c</size>
         <input_file_ref idref="fl-152"/>
      </object_component>
      <object_component id="oc-392">
         <name>.text</name>
         <load_address>0x5c0c</load_address>
         <run_address>0x5c0c</run_address>
         <size>0x48</size>
         <input_file_ref idref="fl-158"/>
      </object_component>
      <object_component id="oc-62">
         <name>.text</name>
         <load_address>0x5c54</load_address>
         <run_address>0x5c54</run_address>
         <size>0x44</size>
         <input_file_ref idref="fl-144"/>
      </object_component>
      <object_component id="oc-e9">
         <name>.text</name>
         <load_address>0x5c98</load_address>
         <run_address>0x5c98</run_address>
         <size>0x44</size>
         <input_file_ref idref="fl-146"/>
      </object_component>
      <object_component id="oc-45f">
         <name>.text</name>
         <load_address>0x5cdc</load_address>
         <run_address>0x5cdc</run_address>
         <size>0x40</size>
         <input_file_ref idref="fl-168"/>
      </object_component>
      <object_component id="oc-35e">
         <name>.text:FlashCtl_clearProgramVerification</name>
         <load_address>0x5d1c</load_address>
         <run_address>0x5d1c</run_address>
         <size>0x3c</size>
         <input_file_ref idref="fl-14"/>
      </object_component>
      <object_component id="oc-358">
         <name>.text:FlashCtl_setProgramVerification</name>
         <load_address>0x5d58</load_address>
         <run_address>0x5d58</run_address>
         <size>0x38</size>
         <input_file_ref idref="fl-14"/>
      </object_component>
      <object_component id="oc-6c">
         <name>.text</name>
         <load_address>0x5d90</load_address>
         <run_address>0x5d90</run_address>
         <size>0x34</size>
         <input_file_ref idref="fl-5"/>
      </object_component>
      <object_component id="oc-435">
         <name>.text</name>
         <load_address>0x5dc4</load_address>
         <run_address>0x5dc4</run_address>
         <size>0x34</size>
         <input_file_ref idref="fl-166"/>
      </object_component>
      <object_component id="oc-185">
         <name>.text:GPIO_getEnabledInterruptStatus</name>
         <load_address>0x5df8</load_address>
         <run_address>0x5df8</run_address>
         <size>0x30</size>
         <input_file_ref idref="fl-15"/>
      </object_component>
      <object_component id="oc-143">
         <name>.text:GPIO_setAsInputPinWithPullUpResistor</name>
         <load_address>0x5e28</load_address>
         <run_address>0x5e28</run_address>
         <size>0x30</size>
         <input_file_ref idref="fl-15"/>
      </object_component>
      <object_component id="oc-331">
         <name>.text:I2C_masterSendMultiByteStop</name>
         <load_address>0x5e58</load_address>
         <run_address>0x5e58</run_address>
         <size>0x30</size>
         <input_file_ref idref="fl-16"/>
      </object_component>
      <object_component id="oc-ee">
         <name>.text:UART_getEnabledInterruptStatus</name>
         <load_address>0x5e88</load_address>
         <run_address>0x5e88</run_address>
         <size>0x30</size>
         <input_file_ref idref="fl-1b"/>
      </object_component>
      <object_component id="oc-2e4">
         <name>.text:is_A_Module</name>
         <load_address>0x5eb8</load_address>
         <run_address>0x5eb8</run_address>
         <size>0x30</size>
         <input_file_ref idref="fl-19"/>
      </object_component>
      <object_component id="oc-3b4">
         <name>.text</name>
         <load_address>0x5ee8</load_address>
         <run_address>0x5ee8</run_address>
         <size>0x30</size>
         <input_file_ref idref="fl-161"/>
      </object_component>
      <object_component id="oc-402">
         <name>.text</name>
         <load_address>0x5f18</load_address>
         <run_address>0x5f18</run_address>
         <size>0x30</size>
         <input_file_ref idref="fl-164"/>
      </object_component>
      <object_component id="oc-39d">
         <name>.text</name>
         <load_address>0x5f48</load_address>
         <run_address>0x5f48</run_address>
         <size>0x2e</size>
         <input_file_ref idref="fl-15a"/>
      </object_component>
      <object_component id="oc-453">
         <name>.text</name>
         <load_address>0x5f76</load_address>
         <run_address>0x5f76</run_address>
         <size>0x2e</size>
         <input_file_ref idref="fl-167"/>
      </object_component>
      <object_component id="oc-3a2">
         <name>.text</name>
         <load_address>0x5fa4</load_address>
         <run_address>0x5fa4</run_address>
         <size>0x2a</size>
         <input_file_ref idref="fl-159"/>
      </object_component>
      <object_component id="oc-19c">
         <name>.text:FlashCtl_eraseSector</name>
         <load_address>0x5fd0</load_address>
         <run_address>0x5fd0</run_address>
         <size>0x28</size>
         <input_file_ref idref="fl-14"/>
      </object_component>
      <object_component id="oc-12b">
         <name>.text:CS_setDCOCenteredFrequency</name>
         <load_address>0x5ff8</load_address>
         <run_address>0x5ff8</run_address>
         <size>0x24</size>
         <input_file_ref idref="fl-13"/>
      </object_component>
      <object_component id="oc-137">
         <name>.text:GPIO_setAsOutputPin</name>
         <load_address>0x601c</load_address>
         <run_address>0x601c</run_address>
         <size>0x24</size>
         <input_file_ref idref="fl-15"/>
      </object_component>
      <object_component id="oc-32b">
         <name>.text:I2C_masterSendMultiByteNext</name>
         <load_address>0x6040</load_address>
         <run_address>0x6040</run_address>
         <size>0x24</size>
         <input_file_ref idref="fl-16"/>
      </object_component>
      <object_component id="oc-28a">
         <name>.text:FlashCtl_enableWordProgramming</name>
         <load_address>0x6064</load_address>
         <run_address>0x6064</run_address>
         <size>0x20</size>
         <input_file_ref idref="fl-14"/>
      </object_component>
      <object_component id="oc-149">
         <name>.text:GPIO_interruptEdgeSelect</name>
         <load_address>0x6084</load_address>
         <run_address>0x6084</run_address>
         <size>0x20</size>
         <input_file_ref idref="fl-15"/>
      </object_component>
      <object_component id="oc-223">
         <name>.text:SPI_getInterruptStatus</name>
         <load_address>0x60a4</load_address>
         <run_address>0x60a4</run_address>
         <size>0x20</size>
         <input_file_ref idref="fl-19"/>
      </object_component>
      <object_component id="oc-3ba">
         <name>.text</name>
         <load_address>0x60c4</load_address>
         <run_address>0x60c4</run_address>
         <size>0x1c</size>
         <input_file_ref idref="fl-15d"/>
      </object_component>
      <object_component id="oc-22f">
         <name>.text:SPI_enableModule</name>
         <load_address>0x60e0</load_address>
         <run_address>0x60e0</run_address>
         <size>0x1a</size>
         <input_file_ref idref="fl-19"/>
      </object_component>
      <object_component id="oc-18b">
         <name>.text:GPIO_clearInterruptFlag</name>
         <load_address>0x60fc</load_address>
         <run_address>0x60fc</run_address>
         <size>0x18</size>
         <input_file_ref idref="fl-15"/>
      </object_component>
      <object_component id="oc-155">
         <name>.text:GPIO_setOutputLowOnPin</name>
         <load_address>0x6114</load_address>
         <run_address>0x6114</run_address>
         <size>0x18</size>
         <input_file_ref idref="fl-15"/>
      </object_component>
      <object_component id="oc-125">
         <name>.text:WDT_A_holdTimer</name>
         <load_address>0x612c</load_address>
         <run_address>0x612c</run_address>
         <size>0x18</size>
         <input_file_ref idref="fl-1c"/>
      </object_component>
      <object_component id="oc-5c">
         <name>.text</name>
         <load_address>0x6144</load_address>
         <run_address>0x6144</run_address>
         <size>0x18</size>
         <input_file_ref idref="fl-14f"/>
      </object_component>
      <object_component id="oc-3ae">
         <name>.text</name>
         <load_address>0x615c</load_address>
         <run_address>0x615c</run_address>
         <size>0x16</size>
         <input_file_ref idref="fl-15e"/>
      </object_component>
      <object_component id="oc-14f">
         <name>.text:GPIO_enableInterrupt</name>
         <load_address>0x6174</load_address>
         <run_address>0x6174</run_address>
         <size>0x14</size>
         <input_file_ref idref="fl-15"/>
      </object_component>
      <object_component id="oc-13d">
         <name>.text:GPIO_setOutputHighOnPin</name>
         <load_address>0x6188</load_address>
         <run_address>0x6188</run_address>
         <size>0x14</size>
         <input_file_ref idref="fl-15"/>
      </object_component>
      <object_component id="oc-c2">
         <name>.text:GPIO_toggleOutputOnPin</name>
         <load_address>0x619c</load_address>
         <run_address>0x619c</run_address>
         <size>0x14</size>
         <input_file_ref idref="fl-15"/>
      </object_component>
      <object_component id="oc-1d4">
         <name>.text</name>
         <load_address>0x61b0</load_address>
         <run_address>0x61b0</run_address>
         <size>0x14</size>
         <input_file_ref idref="fl-14d"/>
      </object_component>
      <object_component id="oc-387">
         <name>.text</name>
         <load_address>0x61c4</load_address>
         <run_address>0x61c4</run_address>
         <size>0x14</size>
         <input_file_ref idref="fl-15f"/>
      </object_component>
      <object_component id="oc-de">
         <name>.text</name>
         <load_address>0x61d8</load_address>
         <run_address>0x61d8</run_address>
         <size>0x12</size>
         <input_file_ref idref="fl-13f"/>
      </object_component>
      <object_component id="oc-270">
         <name>.text:GPIO_getInterruptStatus</name>
         <load_address>0x61ec</load_address>
         <run_address>0x61ec</run_address>
         <size>0x10</size>
         <input_file_ref idref="fl-15"/>
      </object_component>
      <object_component id="oc-325">
         <name>.text:I2C_masterSendStart</name>
         <load_address>0x61fc</load_address>
         <run_address>0x61fc</run_address>
         <size>0x10</size>
         <input_file_ref idref="fl-16"/>
      </object_component>
      <object_component id="oc-113">
         <name>.text:ResetCtl_clearHardResetSource</name>
         <load_address>0x620c</load_address>
         <run_address>0x620c</run_address>
         <size>0x10</size>
         <input_file_ref idref="fl-18"/>
      </object_component>
      <object_component id="oc-11f">
         <name>.text:ResetCtl_clearSoftResetSource</name>
         <load_address>0x621c</load_address>
         <run_address>0x621c</run_address>
         <size>0x10</size>
         <input_file_ref idref="fl-18"/>
      </object_component>
      <object_component id="oc-f4">
         <name>.text:UART_clearInterruptFlag</name>
         <load_address>0x622c</load_address>
         <run_address>0x622c</run_address>
         <size>0xe</size>
         <input_file_ref idref="fl-1b"/>
      </object_component>
      <object_component id="oc-10">
         <name>.text:decompress:none</name>
         <load_address>0x623a</load_address>
         <run_address>0x623a</run_address>
         <size>0xe</size>
         <input_file_ref idref="fl-141"/>
      </object_component>
      <object_component id="oc-2ff">
         <name>.text:EUSCI_A_SPI_enable</name>
         <load_address>0x6248</load_address>
         <run_address>0x6248</run_address>
         <size>0xc</size>
         <input_file_ref idref="fl-19"/>
      </object_component>
      <object_component id="oc-2f9">
         <name>.text:EUSCI_B_SPI_enable</name>
         <load_address>0x6254</load_address>
         <run_address>0x6254</run_address>
         <size>0xc</size>
         <input_file_ref idref="fl-19"/>
      </object_component>
      <object_component id="oc-29c">
         <name>.text:FlashCtl_disableWordProgramming</name>
         <load_address>0x6260</load_address>
         <run_address>0x6260</run_address>
         <size>0xc</size>
         <input_file_ref idref="fl-14"/>
      </object_component>
      <object_component id="oc-364">
         <name>.text:FlashCtl_getInterruptStatus</name>
         <load_address>0x626c</load_address>
         <run_address>0x626c</run_address>
         <size>0xc</size>
         <input_file_ref idref="fl-14"/>
      </object_component>
      <object_component id="oc-10d">
         <name>.text:ResetCtl_getHardResetSource</name>
         <load_address>0x6278</load_address>
         <run_address>0x6278</run_address>
         <size>0xc</size>
         <input_file_ref idref="fl-18"/>
      </object_component>
      <object_component id="oc-119">
         <name>.text:ResetCtl_getSoftResetSource</name>
         <load_address>0x6284</load_address>
         <run_address>0x6284</run_address>
         <size>0xc</size>
         <input_file_ref idref="fl-18"/>
      </object_component>
      <object_component id="oc-1c">
         <name>.text:decompress:ZI</name>
         <load_address>0x6290</load_address>
         <run_address>0x6290</run_address>
         <size>0xc</size>
         <input_file_ref idref="fl-143"/>
      </object_component>
      <object_component id="oc-2ea">
         <name>.text:EUSCI_A_SPI_getInterruptStatus</name>
         <load_address>0x629c</load_address>
         <run_address>0x629c</run_address>
         <size>0x8</size>
         <input_file_ref idref="fl-19"/>
      </object_component>
      <object_component id="oc-2f0">
         <name>.text:EUSCI_B_SPI_getInterruptStatus</name>
         <load_address>0x62a4</load_address>
         <run_address>0x62a4</run_address>
         <size>0x8</size>
         <input_file_ref idref="fl-19"/>
      </object_component>
      <object_component id="oc-31f">
         <name>.text:I2C_isBusBusy</name>
         <load_address>0x62ac</load_address>
         <run_address>0x62ac</run_address>
         <size>0x8</size>
         <input_file_ref idref="fl-16"/>
      </object_component>
      <object_component id="oc-1fd">
         <name>.text:UART_getInterruptStatus</name>
         <load_address>0x62b4</load_address>
         <run_address>0x62b4</run_address>
         <size>0x6</size>
         <input_file_ref idref="fl-1b"/>
      </object_component>
      <object_component id="oc-16">
         <name>.text:decompress:rle24</name>
         <load_address>0x62ba</load_address>
         <run_address>0x62ba</run_address>
         <size>0x6</size>
         <input_file_ref idref="fl-142"/>
      </object_component>
      <object_component id="oc-319">
         <name>.text:I2C_setSlaveAddress</name>
         <load_address>0x62c0</load_address>
         <run_address>0x62c0</run_address>
         <size>0x4</size>
         <input_file_ref idref="fl-16"/>
      </object_component>
      <object_component id="oc-50">
         <name>.text</name>
         <load_address>0x62c4</load_address>
         <run_address>0x62c4</run_address>
         <size>0x4</size>
         <input_file_ref idref="fl-149"/>
      </object_component>
      <object_component id="oc-25a">
         <name>.const:font5x8</name>
         <load_address>0x62c8</load_address>
         <run_address>0x62c8</run_address>
         <size>0x1d6</size>
         <input_file_ref idref="fl-9"/>
      </object_component>
      <object_component id="oc-255">
         <name>.const:.string:KLAsmall</name>
         <load_address>0x649e</load_address>
         <run_address>0x649e</run_address>
         <size>0x160</size>
         <input_file_ref idref="fl-9"/>
      </object_component>
      <object_component id="oc-2cf">
         <name>.const:.string:_ctypes_</name>
         <load_address>0x65fe</load_address>
         <run_address>0x65fe</run_address>
         <size>0x101</size>
         <input_file_ref idref="fl-153"/>
      </object_component>
      <object_component id="oc-2d2">
         <name>.const</name>
         <load_address>0x6700</load_address>
         <run_address>0x6700</run_address>
         <size>0x98</size>
         <input_file_ref idref="fl-14c"/>
      </object_component>
      <object_component id="oc-25e">
         <name>.const</name>
         <load_address>0x6798</load_address>
         <run_address>0x6798</run_address>
         <size>0x40</size>
         <input_file_ref idref="fl-17"/>
      </object_component>
      <object_component id="oc-1e2">
         <name>.const:GPIO_PORT_TO_BASE</name>
         <load_address>0x67d8</load_address>
         <run_address>0x67d8</run_address>
         <size>0x30</size>
         <input_file_ref idref="fl-15"/>
      </object_component>
      <object_component id="oc-100">
         <name>.const:subUartConfig</name>
         <load_address>0x6808</load_address>
         <run_address>0x6808</run_address>
         <size>0x24</size>
         <input_file_ref idref="fl-a"/>
      </object_component>
      <object_component id="oc-173">
         <name>.const:uartConfig</name>
         <load_address>0x682c</load_address>
         <run_address>0x682c</run_address>
         <size>0x24</size>
         <input_file_ref idref="fl-3"/>
      </object_component>
      <object_component id="oc-23d">
         <name>.const</name>
         <load_address>0x6850</load_address>
         <run_address>0x6850</run_address>
         <size>0x1c</size>
         <input_file_ref idref="fl-8"/>
      </object_component>
      <object_component id="oc-235">
         <name>.const</name>
         <load_address>0x686c</load_address>
         <run_address>0x686c</run_address>
         <size>0x1c</size>
         <input_file_ref idref="fl-d"/>
      </object_component>
      <object_component id="oc-17c">
         <name>.const</name>
         <load_address>0x6888</load_address>
         <run_address>0x6888</run_address>
         <size>0x18</size>
         <input_file_ref idref="fl-3"/>
      </object_component>
      <object_component id="oc-33d">
         <name>.const</name>
         <load_address>0x68a0</load_address>
         <run_address>0x68a0</run_address>
         <size>0x14</size>
         <input_file_ref idref="fl-7"/>
      </object_component>
      <object_component id="oc-24e">
         <name>.const:.string</name>
         <load_address>0x68b4</load_address>
         <run_address>0x68b4</run_address>
         <size>0x10</size>
         <input_file_ref idref="fl-9"/>
      </object_component>
      <object_component id="oc-4a6">
         <name>.cinit..data.load</name>
         <load_address>0x68c8</load_address>
         <run_address>0x68c8</run_address>
         <size>0x4f</size>
      </object_component>
      <object_component id="oc-4a4">
         <name>__TI_handler_table</name>
         <load_address>0x6918</load_address>
         <run_address>0x6918</run_address>
         <size>0xc</size>
      </object_component>
      <object_component id="oc-4a7">
         <name>.cinit..bss.load</name>
         <load_address>0x6928</load_address>
         <run_address>0x6928</run_address>
         <size>0x8</size>
      </object_component>
      <object_component id="oc-4a5">
         <name>__TI_cinit_table</name>
         <load_address>0x6930</load_address>
         <run_address>0x6930</run_address>
         <size>0x10</size>
      </object_component>
      <object_component id="oc-2a">
         <name>.stack</name>
         <uninitialized>true</uninitialized>
         <run_address>0x2000fe00</run_address>
         <size>0x0</size>
         <input_file_ref idref="fl-140"/>
      </object_component>
      <object_component id="oc-4a8">
         <name>.stack</name>
         <uninitialized>true</uninitialized>
         <run_address>0x2000fe00</run_address>
         <size>0x0</size>
      </object_component>
      <object_component id="oc-176">
         <name>.bss:DaTaPacket</name>
         <uninitialized>true</uninitialized>
         <run_address>0x200004d4</run_address>
         <size>0x38</size>
         <input_file_ref idref="fl-3"/>
      </object_component>
      <object_component id="oc-340">
         <name>.bss:i2c_buffer</name>
         <uninitialized>true</uninitialized>
         <run_address>0x20000000</run_address>
         <size>0x40c</size>
         <input_file_ref idref="fl-7"/>
      </object_component>
      <object_component id="oc-1b4">
         <name>.bss:ContentArray</name>
         <uninitialized>true</uninitialized>
         <run_address>0x2000040c</run_address>
         <size>0x64</size>
         <input_file_ref idref="fl-9"/>
      </object_component>
      <object_component id="oc-fd">
         <name>.bss:GaugeRingBuffer</name>
         <uninitialized>true</uninitialized>
         <run_address>0x20000470</run_address>
         <size>0x64</size>
         <input_file_ref idref="fl-a"/>
      </object_component>
      <object_component id="oc-180">
         <name>.common:counter$1</name>
         <uninitialized>true</uninitialized>
         <run_address>0x20000584</run_address>
         <size>0xc</size>
      </object_component>
      <object_component id="oc-179">
         <name>.common:Inputstate</name>
         <uninitialized>true</uninitialized>
         <run_address>0x20000598</run_address>
         <size>0x8</size>
      </object_component>
      <object_component id="oc-182">
         <name>.common:ADCSeq</name>
         <uninitialized>true</uninitialized>
         <run_address>0x2000056c</run_address>
         <size>0xc</size>
      </object_component>
      <object_component id="oc-183">
         <name>.common:ADCsum</name>
         <uninitialized>true</uninitialized>
         <run_address>0x2000052c</run_address>
         <size>0x18</size>
      </object_component>
      <object_component id="oc-181">
         <name>.common:ADCresult</name>
         <uninitialized>true</uninitialized>
         <run_address>0x20000578</run_address>
         <size>0xc</size>
      </object_component>
      <object_component id="oc-17f">
         <name>.common:UUID</name>
         <uninitialized>true</uninitialized>
         <run_address>0x2000050c</run_address>
         <size>0x20</size>
      </object_component>
      <object_component id="oc-1b1">
         <name>.common:OLED_display_array</name>
         <uninitialized>true</uninitialized>
         <run_address>0x20000544</run_address>
         <size>0x18</size>
      </object_component>
      <object_component id="oc-254">
         <name>.common:EGunstage</name>
         <uninitialized>true</uninitialized>
         <run_address>0x20000590</run_address>
         <size>0x8</size>
      </object_component>
      <object_component id="oc-259">
         <name>.common:m_col</name>
         <uninitialized>true</uninitialized>
         <run_address>0x200005a0</run_address>
         <size>0x1</size>
      </object_component>
      <object_component id="oc-258">
         <name>.common:m_row</name>
         <uninitialized>true</uninitialized>
         <run_address>0x200005a1</run_address>
         <size>0x1</size>
      </object_component>
      <object_component id="oc-fa">
         <name>.common:GagueDataRing</name>
         <uninitialized>true</uninitialized>
         <run_address>0x2000055c</run_address>
         <size>0x10</size>
      </object_component>
      <object_component id="oc-23a">
         <name>.common:mcp2515_txb</name>
         <uninitialized>true</uninitialized>
         <run_address>0x200005a6</run_address>
         <size>0x1</size>
      </object_component>
      <object_component id="oc-239">
         <name>.common:mcp2515_ctrl</name>
         <uninitialized>true</uninitialized>
         <run_address>0x200005a3</run_address>
         <size>0x1</size>
      </object_component>
      <object_component id="oc-238">
         <name>.common:mcp2515_exmask</name>
         <uninitialized>true</uninitialized>
         <run_address>0x200005a4</run_address>
         <size>0x1</size>
      </object_component>
      <object_component id="oc-191">
         <name>.common:mcp2515_irq</name>
         <uninitialized>true</uninitialized>
         <run_address>0x200005a5</run_address>
         <size>0x1</size>
      </object_component>
      <object_component id="oc-23b">
         <name>.common:mcp2515_buf</name>
         <uninitialized>true</uninitialized>
         <run_address>0x200005a2</run_address>
         <size>0x1</size>
      </object_component>
      <object_component id="oc-1ae">
         <name>.data</name>
         <load_address>0x200006d8</load_address>
         <run_address>0x200006d8</run_address>
         <size>0xd</size>
         <input_file_ref idref="fl-2"/>
      </object_component>
      <object_component id="oc-103">
         <name>.data</name>
         <load_address>0x20000710</load_address>
         <run_address>0x20000710</run_address>
         <size>0x7</size>
         <input_file_ref idref="fl-3"/>
      </object_component>
      <object_component id="oc-c8">
         <name>.data</name>
         <load_address>0x200006f0</load_address>
         <run_address>0x200006f0</run_address>
         <size>0x8</size>
         <input_file_ref idref="fl-4"/>
      </object_component>
      <object_component id="oc-343">
         <name>.data</name>
         <load_address>0x20000720</load_address>
         <run_address>0x20000720</run_address>
         <size>0x4</size>
         <input_file_ref idref="fl-7"/>
      </object_component>
      <object_component id="oc-251">
         <name>.data</name>
         <load_address>0x200006e5</load_address>
         <run_address>0x200006e5</run_address>
         <size>0xa</size>
         <input_file_ref idref="fl-9"/>
      </object_component>
      <object_component id="oc-106">
         <name>.data</name>
         <load_address>0x200006ef</load_address>
         <run_address>0x200006ef</run_address>
         <size>0x1</size>
         <input_file_ref idref="fl-a"/>
      </object_component>
      <object_component id="oc-b9">
         <name>.data</name>
         <load_address>0x20000700</load_address>
         <run_address>0x20000700</run_address>
         <size>0x8</size>
         <input_file_ref idref="fl-144"/>
      </object_component>
      <object_component id="oc-68">
         <name>.data</name>
         <load_address>0x2000071c</load_address>
         <run_address>0x2000071c</run_address>
         <size>0x4</size>
         <input_file_ref idref="fl-14b"/>
      </object_component>
      <object_component id="oc-b6">
         <name>.data</name>
         <load_address>0x200006f8</load_address>
         <run_address>0x200006f8</run_address>
         <size>0x8</size>
         <input_file_ref idref="fl-14d"/>
      </object_component>
      <object_component id="oc-2d5">
         <name>.data</name>
         <load_address>0x20000718</load_address>
         <run_address>0x20000718</run_address>
         <size>0x4</size>
         <input_file_ref idref="fl-154"/>
      </object_component>
      <object_component id="oc-430">
         <name>.data</name>
         <load_address>0x20000658</load_address>
         <run_address>0x20000658</run_address>
         <size>0x80</size>
         <input_file_ref idref="fl-165"/>
      </object_component>
      <object_component id="oc-459">
         <name>.data</name>
         <load_address>0x20000708</load_address>
         <run_address>0x20000708</run_address>
         <size>0x8</size>
         <input_file_ref idref="fl-166"/>
      </object_component>
      <object_component id="oc-470">
         <name>.data:sigtable</name>
         <load_address>0x200005a8</load_address>
         <run_address>0x200005a8</run_address>
         <size>0xb0</size>
         <input_file_ref idref="fl-168"/>
      </object_component>
      <object_component id="oc-2af">
         <name>.debug_info</name>
         <load_address>0x0</load_address>
         <run_address>0x0</run_address>
         <size>0x7e1</size>
         <input_file_ref idref="fl-2"/>
      </object_component>
      <object_component id="oc-1af">
         <name>.debug_info</name>
         <load_address>0x7e1</load_address>
         <run_address>0x7e1</run_address>
         <size>0xe7</size>
         <input_file_ref idref="fl-2"/>
      </object_component>
      <object_component id="oc-8b">
         <name>.debug_info</name>
         <load_address>0x8c8</load_address>
         <run_address>0x8c8</run_address>
         <size>0x4f9</size>
         <input_file_ref idref="fl-2"/>
      </object_component>
      <object_component id="oc-1ba">
         <name>.debug_info</name>
         <load_address>0xdc1</load_address>
         <run_address>0xdc1</run_address>
         <size>0x103c</size>
         <input_file_ref idref="fl-2"/>
      </object_component>
      <object_component id="oc-41b">
         <name>.debug_info</name>
         <load_address>0x1dfd</load_address>
         <run_address>0x1dfd</run_address>
         <size>0x9a</size>
         <input_file_ref idref="fl-2"/>
      </object_component>
      <object_component id="oc-269">
         <name>.debug_info</name>
         <load_address>0x1e97</load_address>
         <run_address>0x1e97</run_address>
         <size>0x341</size>
         <input_file_ref idref="fl-2"/>
      </object_component>
      <object_component id="oc-108">
         <name>.debug_info</name>
         <load_address>0x21d8</load_address>
         <run_address>0x21d8</run_address>
         <size>0x8b</size>
         <input_file_ref idref="fl-2"/>
      </object_component>
      <object_component id="oc-cc">
         <name>.debug_info</name>
         <load_address>0x2263</load_address>
         <run_address>0x2263</run_address>
         <size>0x18b</size>
         <input_file_ref idref="fl-2"/>
      </object_component>
      <object_component id="oc-a3">
         <name>.debug_info</name>
         <load_address>0x23ee</load_address>
         <run_address>0x23ee</run_address>
         <size>0x2c</size>
         <input_file_ref idref="fl-2"/>
      </object_component>
      <object_component id="oc-314">
         <name>.debug_info</name>
         <load_address>0x241a</load_address>
         <run_address>0x241a</run_address>
         <size>0x4e</size>
         <input_file_ref idref="fl-2"/>
      </object_component>
      <object_component id="oc-27a">
         <name>.debug_info</name>
         <load_address>0x2468</load_address>
         <run_address>0x2468</run_address>
         <size>0x131</size>
         <input_file_ref idref="fl-2"/>
      </object_component>
      <object_component id="oc-208">
         <name>.debug_info</name>
         <load_address>0x2599</load_address>
         <run_address>0x2599</run_address>
         <size>0xee</size>
         <input_file_ref idref="fl-2"/>
      </object_component>
      <object_component id="oc-17a">
         <name>.debug_info</name>
         <load_address>0x2687</load_address>
         <run_address>0x2687</run_address>
         <size>0xc16</size>
         <input_file_ref idref="fl-3"/>
      </object_component>
      <object_component id="oc-104">
         <name>.debug_info</name>
         <load_address>0x329d</load_address>
         <run_address>0x329d</run_address>
         <size>0x16a</size>
         <input_file_ref idref="fl-3"/>
      </object_component>
      <object_component id="oc-177">
         <name>.debug_info</name>
         <load_address>0x3407</load_address>
         <run_address>0x3407</run_address>
         <size>0xc0</size>
         <input_file_ref idref="fl-3"/>
      </object_component>
      <object_component id="oc-174">
         <name>.debug_info</name>
         <load_address>0x34c7</load_address>
         <run_address>0x34c7</run_address>
         <size>0xc0</size>
         <input_file_ref idref="fl-3"/>
      </object_component>
      <object_component id="oc-17d">
         <name>.debug_info</name>
         <load_address>0x3587</load_address>
         <run_address>0x3587</run_address>
         <size>0xbc</size>
         <input_file_ref idref="fl-3"/>
      </object_component>
      <object_component id="oc-7f">
         <name>.debug_info</name>
         <load_address>0x3643</load_address>
         <run_address>0x3643</run_address>
         <size>0x1204</size>
         <input_file_ref idref="fl-3"/>
      </object_component>
      <object_component id="oc-1ec">
         <name>.debug_info</name>
         <load_address>0x4847</load_address>
         <run_address>0x4847</run_address>
         <size>0xb8</size>
         <input_file_ref idref="fl-3"/>
      </object_component>
      <object_component id="oc-d1">
         <name>.debug_info</name>
         <load_address>0x48ff</load_address>
         <run_address>0x48ff</run_address>
         <size>0x367</size>
         <input_file_ref idref="fl-4"/>
      </object_component>
      <object_component id="oc-c9">
         <name>.debug_info</name>
         <load_address>0x4c66</load_address>
         <run_address>0x4c66</run_address>
         <size>0xe7</size>
         <input_file_ref idref="fl-4"/>
      </object_component>
      <object_component id="oc-73">
         <name>.debug_info</name>
         <load_address>0x4d4d</load_address>
         <run_address>0x4d4d</run_address>
         <size>0x4e2</size>
         <input_file_ref idref="fl-4"/>
      </object_component>
      <object_component id="oc-92">
         <name>.debug_info</name>
         <load_address>0x522f</load_address>
         <run_address>0x522f</run_address>
         <size>0x3b8</size>
         <input_file_ref idref="fl-5"/>
      </object_component>
      <object_component id="oc-28">
         <name>.debug_info</name>
         <load_address>0x55e7</load_address>
         <run_address>0x55e7</run_address>
         <size>0xd5</size>
         <input_file_ref idref="fl-5"/>
      </object_component>
      <object_component id="oc-6d">
         <name>.debug_info</name>
         <load_address>0x56bc</load_address>
         <run_address>0x56bc</run_address>
         <size>0x227</size>
         <input_file_ref idref="fl-5"/>
      </object_component>
      <object_component id="oc-9b">
         <name>.debug_info</name>
         <load_address>0x58e3</load_address>
         <run_address>0x58e3</run_address>
         <size>0x84</size>
         <input_file_ref idref="fl-5"/>
      </object_component>
      <object_component id="oc-3e2">
         <name>.debug_info</name>
         <load_address>0x5967</load_address>
         <run_address>0x5967</run_address>
         <size>0x52f</size>
         <input_file_ref idref="fl-7"/>
      </object_component>
      <object_component id="oc-344">
         <name>.debug_info</name>
         <load_address>0x5e96</load_address>
         <run_address>0x5e96</run_address>
         <size>0xd2</size>
         <input_file_ref idref="fl-7"/>
      </object_component>
      <object_component id="oc-341">
         <name>.debug_info</name>
         <load_address>0x5f68</load_address>
         <run_address>0x5f68</run_address>
         <size>0xcc</size>
         <input_file_ref idref="fl-7"/>
      </object_component>
      <object_component id="oc-33e">
         <name>.debug_info</name>
         <load_address>0x6034</load_address>
         <run_address>0x6034</run_address>
         <size>0xca</size>
         <input_file_ref idref="fl-7"/>
      </object_component>
      <object_component id="oc-24a">
         <name>.debug_info</name>
         <load_address>0x60fe</load_address>
         <run_address>0x60fe</run_address>
         <size>0x35d</size>
         <input_file_ref idref="fl-7"/>
      </object_component>
      <object_component id="oc-241">
         <name>.debug_info</name>
         <load_address>0x645b</load_address>
         <run_address>0x645b</run_address>
         <size>0x5e1</size>
         <input_file_ref idref="fl-8"/>
      </object_component>
      <object_component id="oc-23e">
         <name>.debug_info</name>
         <load_address>0x6a3c</load_address>
         <run_address>0x6a3c</run_address>
         <size>0xdb</size>
         <input_file_ref idref="fl-8"/>
      </object_component>
      <object_component id="oc-162">
         <name>.debug_info</name>
         <load_address>0x6b17</load_address>
         <run_address>0x6b17</run_address>
         <size>0x1f06</size>
         <input_file_ref idref="fl-8"/>
      </object_component>
      <object_component id="oc-1b2">
         <name>.debug_info</name>
         <load_address>0x8a1d</load_address>
         <run_address>0x8a1d</run_address>
         <size>0x5d5</size>
         <input_file_ref idref="fl-9"/>
      </object_component>
      <object_component id="oc-252">
         <name>.debug_info</name>
         <load_address>0x8ff2</load_address>
         <run_address>0x8ff2</run_address>
         <size>0x204</size>
         <input_file_ref idref="fl-9"/>
      </object_component>
      <object_component id="oc-1b5">
         <name>.debug_info</name>
         <load_address>0x91f6</load_address>
         <run_address>0x91f6</run_address>
         <size>0xcb</size>
         <input_file_ref idref="fl-9"/>
      </object_component>
      <object_component id="oc-24f">
         <name>.debug_info</name>
         <load_address>0x92c1</load_address>
         <run_address>0x92c1</run_address>
         <size>0xe4</size>
         <input_file_ref idref="fl-9"/>
      </object_component>
      <object_component id="oc-256">
         <name>.debug_info</name>
         <load_address>0x93a5</load_address>
         <run_address>0x93a5</run_address>
         <size>0xc3</size>
         <input_file_ref idref="fl-9"/>
      </object_component>
      <object_component id="oc-25b">
         <name>.debug_info</name>
         <load_address>0x9468</load_address>
         <run_address>0x9468</run_address>
         <size>0xc1</size>
         <input_file_ref idref="fl-9"/>
      </object_component>
      <object_component id="oc-168">
         <name>.debug_info</name>
         <load_address>0x9529</load_address>
         <run_address>0x9529</run_address>
         <size>0x1a8f</size>
         <input_file_ref idref="fl-9"/>
      </object_component>
      <object_component id="oc-2a8">
         <name>.debug_info</name>
         <load_address>0xafb8</load_address>
         <run_address>0xafb8</run_address>
         <size>0xc8</size>
         <input_file_ref idref="fl-9"/>
      </object_component>
      <object_component id="oc-fb">
         <name>.debug_info</name>
         <load_address>0xb080</load_address>
         <run_address>0xb080</run_address>
         <size>0x666</size>
         <input_file_ref idref="fl-a"/>
      </object_component>
      <object_component id="oc-fe">
         <name>.debug_info</name>
         <load_address>0xb6e6</load_address>
         <run_address>0xb6e6</run_address>
         <size>0xd8</size>
         <input_file_ref idref="fl-a"/>
      </object_component>
      <object_component id="oc-101">
         <name>.debug_info</name>
         <load_address>0xb7be</load_address>
         <run_address>0xb7be</run_address>
         <size>0xd4</size>
         <input_file_ref idref="fl-a"/>
      </object_component>
      <object_component id="oc-79">
         <name>.debug_info</name>
         <load_address>0xb892</load_address>
         <run_address>0xb892</run_address>
         <size>0x3f8</size>
         <input_file_ref idref="fl-a"/>
      </object_component>
      <object_component id="oc-1f1">
         <name>.debug_info</name>
         <load_address>0xbc8a</load_address>
         <run_address>0xbc8a</run_address>
         <size>0xba</size>
         <input_file_ref idref="fl-b"/>
      </object_component>
      <object_component id="oc-d5">
         <name>.debug_info</name>
         <load_address>0xbd44</load_address>
         <run_address>0xbd44</run_address>
         <size>0x522</size>
         <input_file_ref idref="fl-b"/>
      </object_component>
      <object_component id="oc-195">
         <name>.debug_info</name>
         <load_address>0xc266</load_address>
         <run_address>0xc266</run_address>
         <size>0x515</size>
         <input_file_ref idref="fl-c"/>
      </object_component>
      <object_component id="oc-85">
         <name>.debug_info</name>
         <load_address>0xc77b</load_address>
         <run_address>0xc77b</run_address>
         <size>0x237</size>
         <input_file_ref idref="fl-c"/>
      </object_component>
      <object_component id="oc-192">
         <name>.debug_info</name>
         <load_address>0xc9b2</load_address>
         <run_address>0xc9b2</run_address>
         <size>0x7e4</size>
         <input_file_ref idref="fl-d"/>
      </object_component>
      <object_component id="oc-236">
         <name>.debug_info</name>
         <load_address>0xd196</load_address>
         <run_address>0xd196</run_address>
         <size>0xcc</size>
         <input_file_ref idref="fl-d"/>
      </object_component>
      <object_component id="oc-15c">
         <name>.debug_info</name>
         <load_address>0xd262</load_address>
         <run_address>0xd262</run_address>
         <size>0x204a</size>
         <input_file_ref idref="fl-d"/>
      </object_component>
      <object_component id="oc-21a">
         <name>.debug_info</name>
         <load_address>0xf2ac</load_address>
         <run_address>0xf2ac</run_address>
         <size>0x52b</size>
         <input_file_ref idref="fl-13"/>
      </object_component>
      <object_component id="oc-12f">
         <name>.debug_info</name>
         <load_address>0xf7d7</load_address>
         <run_address>0xf7d7</run_address>
         <size>0x132</size>
         <input_file_ref idref="fl-13"/>
      </object_component>
      <object_component id="oc-135">
         <name>.debug_info</name>
         <load_address>0xf909</load_address>
         <run_address>0xf909</run_address>
         <size>0x1e8</size>
         <input_file_ref idref="fl-13"/>
      </object_component>
      <object_component id="oc-288">
         <name>.debug_info</name>
         <load_address>0xfaf1</load_address>
         <run_address>0xfaf1</run_address>
         <size>0x457</size>
         <input_file_ref idref="fl-14"/>
      </object_component>
      <object_component id="oc-285">
         <name>.debug_info</name>
         <load_address>0xff48</load_address>
         <run_address>0xff48</run_address>
         <size>0x17f</size>
         <input_file_ref idref="fl-14"/>
      </object_component>
      <object_component id="oc-19a">
         <name>.debug_info</name>
         <load_address>0x100c7</load_address>
         <run_address>0x100c7</run_address>
         <size>0x1a4</size>
         <input_file_ref idref="fl-14"/>
      </object_component>
      <object_component id="oc-35c">
         <name>.debug_info</name>
         <load_address>0x1026b</load_address>
         <run_address>0x1026b</run_address>
         <size>0x175</size>
         <input_file_ref idref="fl-14"/>
      </object_component>
      <object_component id="oc-1aa">
         <name>.debug_info</name>
         <load_address>0x103e0</load_address>
         <run_address>0x103e0</run_address>
         <size>0x1a2</size>
         <input_file_ref idref="fl-14"/>
      </object_component>
      <object_component id="oc-28c">
         <name>.debug_info</name>
         <load_address>0x10582</load_address>
         <run_address>0x10582</run_address>
         <size>0x137</size>
         <input_file_ref idref="fl-14"/>
      </object_component>
      <object_component id="oc-360">
         <name>.debug_info</name>
         <load_address>0x106b9</load_address>
         <run_address>0x106b9</run_address>
         <size>0x179</size>
         <input_file_ref idref="fl-14"/>
      </object_component>
      <object_component id="oc-366">
         <name>.debug_info</name>
         <load_address>0x10832</load_address>
         <run_address>0x10832</run_address>
         <size>0x113</size>
         <input_file_ref idref="fl-14"/>
      </object_component>
      <object_component id="oc-292">
         <name>.debug_info</name>
         <load_address>0x10945</load_address>
         <run_address>0x10945</run_address>
         <size>0x1e2</size>
         <input_file_ref idref="fl-14"/>
      </object_component>
      <object_component id="oc-298">
         <name>.debug_info</name>
         <load_address>0x10b27</load_address>
         <run_address>0x10b27</run_address>
         <size>0x1e4</size>
         <input_file_ref idref="fl-14"/>
      </object_component>
      <object_component id="oc-29e">
         <name>.debug_info</name>
         <load_address>0x10d0b</load_address>
         <run_address>0x10d0b</run_address>
         <size>0x117</size>
         <input_file_ref idref="fl-14"/>
      </object_component>
      <object_component id="oc-1a4">
         <name>.debug_info</name>
         <load_address>0x10e22</load_address>
         <run_address>0x10e22</run_address>
         <size>0x249</size>
         <input_file_ref idref="fl-14"/>
      </object_component>
      <object_component id="oc-19e">
         <name>.debug_info</name>
         <load_address>0x1106b</load_address>
         <run_address>0x1106b</run_address>
         <size>0x12e</size>
         <input_file_ref idref="fl-14"/>
      </object_component>
      <object_component id="oc-1e6">
         <name>.debug_info</name>
         <load_address>0x11199</load_address>
         <run_address>0x11199</run_address>
         <size>0x440</size>
         <input_file_ref idref="fl-15"/>
      </object_component>
      <object_component id="oc-1e3">
         <name>.debug_info</name>
         <load_address>0x115d9</load_address>
         <run_address>0x115d9</run_address>
         <size>0xd0</size>
         <input_file_ref idref="fl-15"/>
      </object_component>
      <object_component id="oc-c4">
         <name>.debug_info</name>
         <load_address>0x116a9</load_address>
         <run_address>0x116a9</run_address>
         <size>0x183</size>
         <input_file_ref idref="fl-15"/>
      </object_component>
      <object_component id="oc-157">
         <name>.debug_info</name>
         <load_address>0x1182c</load_address>
         <run_address>0x1182c</run_address>
         <size>0x183</size>
         <input_file_ref idref="fl-15"/>
      </object_component>
      <object_component id="oc-13f">
         <name>.debug_info</name>
         <load_address>0x119af</load_address>
         <run_address>0x119af</run_address>
         <size>0x185</size>
         <input_file_ref idref="fl-15"/>
      </object_component>
      <object_component id="oc-db">
         <name>.debug_info</name>
         <load_address>0x11b34</load_address>
         <run_address>0x11b34</run_address>
         <size>0x1ec</size>
         <input_file_ref idref="fl-15"/>
      </object_component>
      <object_component id="oc-13a">
         <name>.debug_info</name>
         <load_address>0x11d20</load_address>
         <run_address>0x11d20</run_address>
         <size>0x17d</size>
         <input_file_ref idref="fl-15"/>
      </object_component>
      <object_component id="oc-146">
         <name>.debug_info</name>
         <load_address>0x11e9d</load_address>
         <run_address>0x11e9d</run_address>
         <size>0x19f</size>
         <input_file_ref idref="fl-15"/>
      </object_component>
      <object_component id="oc-14c">
         <name>.debug_info</name>
         <load_address>0x1203c</load_address>
         <run_address>0x1203c</run_address>
         <size>0x1e1</size>
         <input_file_ref idref="fl-15"/>
      </object_component>
      <object_component id="oc-273">
         <name>.debug_info</name>
         <load_address>0x1221d</load_address>
         <run_address>0x1221d</run_address>
         <size>0x189</size>
         <input_file_ref idref="fl-15"/>
      </object_component>
      <object_component id="oc-188">
         <name>.debug_info</name>
         <load_address>0x123a6</load_address>
         <run_address>0x123a6</run_address>
         <size>0x1ae</size>
         <input_file_ref idref="fl-15"/>
      </object_component>
      <object_component id="oc-152">
         <name>.debug_info</name>
         <load_address>0x12554</load_address>
         <run_address>0x12554</run_address>
         <size>0x17f</size>
         <input_file_ref idref="fl-15"/>
      </object_component>
      <object_component id="oc-18e">
         <name>.debug_info</name>
         <load_address>0x126d3</load_address>
         <run_address>0x126d3</run_address>
         <size>0x185</size>
         <input_file_ref idref="fl-15"/>
      </object_component>
      <object_component id="oc-3da">
         <name>.debug_info</name>
         <load_address>0x12858</load_address>
         <run_address>0x12858</run_address>
         <size>0x448</size>
         <input_file_ref idref="fl-16"/>
      </object_component>
      <object_component id="oc-31b">
         <name>.debug_info</name>
         <load_address>0x12ca0</load_address>
         <run_address>0x12ca0</run_address>
         <size>0x182</size>
         <input_file_ref idref="fl-16"/>
      </object_component>
      <object_component id="oc-327">
         <name>.debug_info</name>
         <load_address>0x12e22</load_address>
         <run_address>0x12e22</run_address>
         <size>0x143</size>
         <input_file_ref idref="fl-16"/>
      </object_component>
      <object_component id="oc-339">
         <name>.debug_info</name>
         <load_address>0x12f65</load_address>
         <run_address>0x12f65</run_address>
         <size>0x191</size>
         <input_file_ref idref="fl-16"/>
      </object_component>
      <object_component id="oc-333">
         <name>.debug_info</name>
         <load_address>0x130f6</load_address>
         <run_address>0x130f6</run_address>
         <size>0x153</size>
         <input_file_ref idref="fl-16"/>
      </object_component>
      <object_component id="oc-32d">
         <name>.debug_info</name>
         <load_address>0x13249</load_address>
         <run_address>0x13249</run_address>
         <size>0x17d</size>
         <input_file_ref idref="fl-16"/>
      </object_component>
      <object_component id="oc-321">
         <name>.debug_info</name>
         <load_address>0x133c6</load_address>
         <run_address>0x133c6</run_address>
         <size>0x138</size>
         <input_file_ref idref="fl-16"/>
      </object_component>
      <object_component id="oc-262">
         <name>.debug_info</name>
         <load_address>0x134fe</load_address>
         <run_address>0x134fe</run_address>
         <size>0x3c9</size>
         <input_file_ref idref="fl-17"/>
      </object_component>
      <object_component id="oc-25f">
         <name>.debug_info</name>
         <load_address>0x138c7</load_address>
         <run_address>0x138c7</run_address>
         <size>0x173</size>
         <input_file_ref idref="fl-17"/>
      </object_component>
      <object_component id="oc-16e">
         <name>.debug_info</name>
         <load_address>0x13a3a</load_address>
         <run_address>0x13a3a</run_address>
         <size>0x16b</size>
         <input_file_ref idref="fl-17"/>
      </object_component>
      <object_component id="oc-215">
         <name>.debug_info</name>
         <load_address>0x13ba5</load_address>
         <run_address>0x13ba5</run_address>
         <size>0x2e3</size>
         <input_file_ref idref="fl-18"/>
      </object_component>
      <object_component id="oc-11b">
         <name>.debug_info</name>
         <load_address>0x13e88</load_address>
         <run_address>0x13e88</run_address>
         <size>0x110</size>
         <input_file_ref idref="fl-18"/>
      </object_component>
      <object_component id="oc-10e">
         <name>.debug_info</name>
         <load_address>0x13f98</load_address>
         <run_address>0x13f98</run_address>
         <size>0x110</size>
         <input_file_ref idref="fl-18"/>
      </object_component>
      <object_component id="oc-120">
         <name>.debug_info</name>
         <load_address>0x140a8</load_address>
         <run_address>0x140a8</run_address>
         <size>0x132</size>
         <input_file_ref idref="fl-18"/>
      </object_component>
      <object_component id="oc-114">
         <name>.debug_info</name>
         <load_address>0x141da</load_address>
         <run_address>0x141da</run_address>
         <size>0x132</size>
         <input_file_ref idref="fl-18"/>
      </object_component>
      <object_component id="oc-2f7">
         <name>.debug_info</name>
         <load_address>0x1430c</load_address>
         <run_address>0x1430c</run_address>
         <size>0x44d</size>
         <input_file_ref idref="fl-19"/>
      </object_component>
      <object_component id="oc-2e7">
         <name>.debug_info</name>
         <load_address>0x14759</load_address>
         <run_address>0x14759</run_address>
         <size>0x113</size>
         <input_file_ref idref="fl-19"/>
      </object_component>
      <object_component id="oc-22c">
         <name>.debug_info</name>
         <load_address>0x1486c</load_address>
         <run_address>0x1486c</run_address>
         <size>0x17c</size>
         <input_file_ref idref="fl-19"/>
      </object_component>
      <object_component id="oc-2ed">
         <name>.debug_info</name>
         <load_address>0x149e8</load_address>
         <run_address>0x149e8</run_address>
         <size>0x173</size>
         <input_file_ref idref="fl-19"/>
      </object_component>
      <object_component id="oc-2f2">
         <name>.debug_info</name>
         <load_address>0x14b5b</load_address>
         <run_address>0x14b5b</run_address>
         <size>0x173</size>
         <input_file_ref idref="fl-19"/>
      </object_component>
      <object_component id="oc-225">
         <name>.debug_info</name>
         <load_address>0x14cce</load_address>
         <run_address>0x14cce</run_address>
         <size>0x1d1</size>
         <input_file_ref idref="fl-19"/>
      </object_component>
      <object_component id="oc-2fb">
         <name>.debug_info</name>
         <load_address>0x14e9f</load_address>
         <run_address>0x14e9f</run_address>
         <size>0x135</size>
[...]
         <name>CAN_SendData_Addr</name>
         <value>0x120f</value>
         <object_component_ref idref="oc-15b"/>
      </symbol>
      <symbol id="sm-4a1">
         <name>can_compose_msgid_ext</name>
         <value>0x16d3</value>
         <object_component_ref idref="oc-15b"/>
      </symbol>
      <symbol id="sm-4d1">
         <name>CS_setDCOCenteredFrequency</name>
         <value>0x5ff9</value>
         <object_component_ref idref="oc-12b"/>
      </symbol>
      <symbol id="sm-4d2">
         <name>CS_initClockSignal</name>
         <value>0x5131</value>
         <object_component_ref idref="oc-131"/>
      </symbol>
      <symbol id="sm-588">
         <name>FlashCtl_getInterruptStatus</name>
         <value>0x626d</value>
         <object_component_ref idref="oc-364"/>
      </symbol>
      <symbol id="sm-589">
         <name>FlashCtl_clearProgramVerification</name>
         <value>0x5d1d</value>
         <object_component_ref idref="oc-35e"/>
      </symbol>
      <symbol id="sm-58a">
         <name>FlashCtl_enableWordProgramming</name>
         <value>0x6065</value>
         <object_component_ref idref="oc-28a"/>
      </symbol>
      <symbol id="sm-58b">
         <name>FlashCtl_isSectorProtected</name>
         <value>0x58e5</value>
         <object_component_ref idref="oc-281"/>
      </symbol>
      <symbol id="sm-58c">
         <name>FlashCtl_protectSector</name>
         <value>0x5a3d</value>
         <object_component_ref idref="oc-1a8"/>
      </symbol>
      <symbol id="sm-58d">
         <name>FlashCtl_setProgramVerification</name>
         <value>0x5d59</value>
         <object_component_ref idref="oc-358"/>
      </symbol>
      <symbol id="sm-58e">
         <name>FlashCtl_disableWordProgramming</name>
         <value>0x6261</value>
         <object_component_ref idref="oc-29c"/>
      </symbol>
      <symbol id="sm-58f">
         <name>FlashCtl_unprotectSector</name>
         <value>0x593d</value>
         <object_component_ref idref="oc-196"/>
      </symbol>
      <symbol id="sm-590">
         <name>FlashCtl_eraseSector</name>
         <value>0x5fd1</value>
         <object_component_ref idref="oc-19c"/>
      </symbol>
      <symbol id="sm-591">
         <name>FlashCtl_programMemory</name>
         <value>0x56e5</value>
         <object_component_ref idref="oc-1a2"/>
      </symbol>
      <symbol id="sm-615">
         <name>GPIO_setOutputHighOnPin</name>
         <value>0x6189</value>
         <object_component_ref idref="oc-13d"/>
      </symbol>
      <symbol id="sm-616">
         <name>GPIO_setAsInputPinWithPullUpResistor</name>
         <value>0x5e29</value>
         <object_component_ref idref="oc-143"/>
      </symbol>
      <symbol id="sm-617">
         <name>GPIO_getInterruptStatus</name>
         <value>0x61ed</value>
         <object_component_ref idref="oc-270"/>
      </symbol>
      <symbol id="sm-618">
         <name>GPIO_enableInterrupt</name>
         <value>0x6175</value>
         <object_component_ref idref="oc-14f"/>
      </symbol>
      <symbol id="sm-619">
         <name>GPIO_getEnabledInterruptStatus</name>
         <value>0x5df9</value>
         <object_component_ref idref="oc-185"/>
      </symbol>
      <symbol id="sm-61a">
         <name>GPIO_setAsOutputPin</name>
         <value>0x601d</value>
         <object_component_ref idref="oc-137"/>
      </symbol>
      <symbol id="sm-61b">
         <name>GPIO_interruptEdgeSelect</name>
         <value>0x6085</value>
         <object_component_ref idref="oc-149"/>
      </symbol>
      <symbol id="sm-61c">
         <name>GPIO_setOutputLowOnPin</name>
         <value>0x6115</value>
         <object_component_ref idref="oc-155"/>
      </symbol>
      <symbol id="sm-61d">
         <name>GPIO_clearInterruptFlag</name>
         <value>0x60fd</value>
         <object_component_ref idref="oc-18b"/>
      </symbol>
      <symbol id="sm-61e">
         <name>GPIO_toggleOutputOnPin</name>
         <value>0x619d</value>
         <object_component_ref idref="oc-c2"/>
      </symbol>
      <symbol id="sm-61f">
         <name>GPIO_setAsPeripheralModuleFunctionInputPin</name>
         <value>0x5add</value>
         <object_component_ref idref="oc-d8"/>
      </symbol>
      <symbol id="sm-663">
         <name>I2C_masterSendMultiByteStop</name>
         <value>0x5e59</value>
         <object_component_ref idref="oc-331"/>
      </symbol>
      <symbol id="sm-664">
         <name>I2C_masterSendMultiByteNext</name>
         <value>0x6041</value>
         <object_component_ref idref="oc-32b"/>
      </symbol>
      <symbol id="sm-665">
         <name>I2C_masterSendSingleByte</name>
         <value>0x5b29</value>
         <object_component_ref idref="oc-337"/>
      </symbol>
      <symbol id="sm-666">
         <name>I2C_isBusBusy</name>
         <value>0x62ad</value>
         <object_component_ref idref="oc-31f"/>
      </symbol>
      <symbol id="sm-667">
         <name>I2C_setSlaveAddress</name>
         <value>0x62c1</value>
         <object_component_ref idref="oc-319"/>
      </symbol>
      <symbol id="sm-668">
         <name>I2C_masterSendStart</name>
         <value>0x61fd</value>
         <object_component_ref idref="oc-325"/>
      </symbol>
      <symbol id="sm-68f">
         <name>Interrupt_enableInterrupt</name>
         <value>0x5821</value>
         <object_component_ref idref="oc-16d"/>
      </symbol>
      <symbol id="sm-6bc">
         <name>ResetCtl_clearHardResetSource</name>
         <value>0x620d</value>
         <object_component_ref idref="oc-113"/>
      </symbol>
      <symbol id="sm-6bd">
         <name>ResetCtl_getHardResetSource</name>
         <value>0x6279</value>
         <object_component_ref idref="oc-10d"/>
      </symbol>
      <symbol id="sm-6be">
         <name>ResetCtl_clearSoftResetSource</name>
         <value>0x621d</value>
         <object_component_ref idref="oc-11f"/>
      </symbol>
      <symbol id="sm-6bf">
         <name>ResetCtl_getSoftResetSource</name>
         <value>0x6285</value>
         <object_component_ref idref="oc-119"/>
      </symbol>
      <symbol id="sm-70e">
         <name>EUSCI_A_SPI_getInterruptStatus</name>
         <value>0x629d</value>
         <object_component_ref idref="oc-2ea"/>
      </symbol>
      <symbol id="sm-70f">
         <name>EUSCI_B_SPI_getInterruptStatus</name>
         <value>0x62a5</value>
         <object_component_ref idref="oc-2f0"/>
      </symbol>
      <symbol id="sm-710">
         <name>EUSCI_B_SPI_enable</name>
         <value>0x6255</value>
         <object_component_ref idref="oc-2f9"/>
      </symbol>
      <symbol id="sm-711">
         <name>SPI_enableModule</name>
         <value>0x60e1</value>
         <object_component_ref idref="oc-22f"/>
      </symbol>
      <symbol id="sm-712">
         <name>EUSCI_A_SPI_enable</name>
         <value>0x6249</value>
         <object_component_ref idref="oc-2ff"/>
      </symbol>
      <symbol id="sm-713">
         <name>SPI_getInterruptStatus</name>
         <value>0x60a5</value>
         <object_component_ref idref="oc-223"/>
      </symbol>
      <symbol id="sm-714">
         <name>SPI_initMaster</name>
         <value>0x5581</value>
         <object_component_ref idref="oc-229"/>
      </symbol>
      <symbol id="sm-732">
         <name>UART_getEnabledInterruptStatus</name>
         <value>0x5e89</value>
         <object_component_ref idref="oc-ee"/>
      </symbol>
      <symbol id="sm-733">
         <name>UART_getInterruptStatus</name>
         <value>0x62b5</value>
         <object_component_ref idref="oc-1fd"/>
      </symbol>
      <symbol id="sm-734">
         <name>UART_clearInterruptFlag</name>
         <value>0x622d</value>
         <object_component_ref idref="oc-f4"/>
      </symbol>
      <symbol id="sm-740">
         <name>WDT_A_holdTimer</name>
         <value>0x612d</value>
         <object_component_ref idref="oc-125"/>
      </symbol>
      <symbol id="sm-74e">
         <name>atof</name>
         <value>0x61d9</value>
         <object_component_ref idref="oc-de"/>
      </symbol>
      <symbol id="sm-760">
         <name>_c_int00</name>
         <value>0x5a8d</value>
         <object_component_ref idref="oc-22"/>
      </symbol>
      <symbol id="sm-761">
         <name>__stack</name>
         <value>0x2000fe00</value>
         <object_component_ref idref="oc-2a"/>
      </symbol>
      <symbol id="sm-778">
         <name>__TI_decompress_none</name>
         <value>0x623b</value>
         <object_component_ref idref="oc-10"/>
      </symbol>
      <symbol id="sm-79b">
         <name>__TI_decompress_rle24</name>
         <value>0x62bb</value>
         <object_component_ref idref="oc-16"/>
      </symbol>
      <symbol id="sm-7ad">
         <name>__TI_zero_init</name>
         <value>0x6291</value>
         <object_component_ref idref="oc-1c"/>
      </symbol>
      <symbol id="sm-7cc">
         <name>C$$EXIT</name>
         <value>0x5c55</value>
         <object_component_ref idref="oc-62"/>
      </symbol>
      <symbol id="sm-7cd">
         <name>abort</name>
         <value>0x5c59</value>
         <object_component_ref idref="oc-62"/>
      </symbol>
      <symbol id="sm-7ce">
         <name>exit</name>
         <value>0x5c61</value>
         <object_component_ref idref="oc-62"/>
      </symbol>
      <symbol id="sm-7cf">
         <name>__TI_dtors_ptr</name>
         <value>0x20000704</value>
         <object_component_ref idref="oc-b9"/>
      </symbol>
      <symbol id="sm-7d0">
         <name>__TI_cleanup_ptr</name>
         <value>0x20000700</value>
         <object_component_ref idref="oc-b9"/>
      </symbol>
      <symbol id="sm-7e7">
         <name>__aeabi_dmul</name>
         <value>0x4f49</value>
         <object_component_ref idref="oc-e4"/>
      </symbol>
      <symbol id="sm-7f4">
         <name>__aeabi_d2uiz</name>
         <value>0x5c99</value>
         <object_component_ref idref="oc-e9"/>
      </symbol>
      <symbol id="sm-80f">
         <name>memcpy</name>
         <value>0x52cf</value>
         <object_component_ref idref="oc-2b"/>
      </symbol>
      <symbol id="sm-810">
         <name>__aeabi_memcpy</name>
         <value>0x52cf</value>
         <object_component_ref idref="oc-2b"/>
      </symbol>
      <symbol id="sm-811">
         <name>__aeabi_memcpy8</name>
         <value>0x52cf</value>
         <object_component_ref idref="oc-2b"/>
      </symbol>
      <symbol id="sm-812">
         <name>__aeabi_memcpy4</name>
         <value>0x52cf</value>
         <object_component_ref idref="oc-2b"/>
      </symbol>
      <symbol id="sm-821">
         <name>__aeabi_memset</name>
         <value>0x55ff</value>
         <object_component_ref idref="oc-44"/>
      </symbol>
      <symbol id="sm-822">
         <name>memset</name>
         <value>0x5605</value>
         <object_component_ref idref="oc-44"/>
      </symbol>
      <symbol id="sm-823">
         <name>__aeabi_memset8</name>
         <value>0x55ff</value>
         <object_component_ref idref="oc-44"/>
      </symbol>
      <symbol id="sm-824">
         <name>__aeabi_memset4</name>
         <value>0x55ff</value>
         <object_component_ref idref="oc-44"/>
      </symbol>
      <symbol id="sm-825">
         <name>__aeabi_memclr8</name>
         <value>0x55fd</value>
         <object_component_ref idref="oc-44"/>
      </symbol>
      <symbol id="sm-826">
         <name>__aeabi_memclr4</name>
         <value>0x55fd</value>
         <object_component_ref idref="oc-44"/>
      </symbol>
      <symbol id="sm-827">
         <name>__aeabi_memclr</name>
         <value>0x55fd</value>
         <object_component_ref idref="oc-44"/>
      </symbol>
      <symbol id="sm-831">
         <name>_system_pre_init</name>
         <value>0x62c5</value>
         <object_component_ref idref="oc-50"/>
      </symbol>
      <symbol id="sm-84a">
         <name>sprintf</name>
         <value>0x5885</value>
         <object_component_ref idref="oc-242"/>
      </symbol>
      <symbol id="sm-852">
         <name>main_func_sp</name>
         <value>0x2000071c</value>
         <object_component_ref idref="oc-68"/>
      </symbol>
      <symbol id="sm-891">
         <name>strtold</name>
         <value>0x4285</value>
         <object_component_ref idref="oc-1f3"/>
      </symbol>
      <symbol id="sm-892">
         <name>strtod</name>
         <value>0x4285</value>
         <object_component_ref idref="oc-1f3"/>
      </symbol>
      <symbol id="sm-8ab">
         <name>_nop</name>
         <value>0x61bf</value>
         <object_component_ref idref="oc-1d4"/>
      </symbol>
      <symbol id="sm-8ac">
         <name>_lock</name>
         <value>0x200006f8</value>
         <object_component_ref idref="oc-b6"/>
      </symbol>
      <symbol id="sm-8ad">
         <name>_unlock</name>
         <value>0x200006fc</value>
         <object_component_ref idref="oc-b6"/>
      </symbol>
      <symbol id="sm-8ae">
         <name>_register_lock</name>
         <value>0x61b7</value>
         <object_component_ref idref="oc-1d4"/>
      </symbol>
      <symbol id="sm-8af">
         <name>_register_unlock</name>
         <value>0x61b1</value>
         <object_component_ref idref="oc-1d4"/>
      </symbol>
      <symbol id="sm-9b4">
         <name>__TI_printfi</name>
         <value>0xef5</value>
         <object_component_ref idref="oc-30c"/>
      </symbol>
      <symbol id="sm-9c9">
         <name>_args_main</name>
         <value>0x6145</value>
         <object_component_ref idref="oc-5c"/>
      </symbol>
      <symbol id="sm-9df">
         <name>atoi</name>
         <value>0x5b75</value>
         <object_component_ref idref="oc-3c0"/>
      </symbol>
      <symbol id="sm-a05">
         <name>__TI_auto_init</name>
         <value>0x5679</value>
         <object_component_ref idref="oc-56"/>
      </symbol>
      <symbol id="sm-a1f">
         <name>copy_in</name>
         <value>0x5bc1</value>
         <object_component_ref idref="oc-ac"/>
      </symbol>
      <symbol id="sm-a2a">
         <name>_ctypes_</name>
         <value>0x65fe</value>
         <object_component_ref idref="oc-2cf"/>
      </symbol>
      <symbol id="sm-a32">
         <name>_Errno</name>
         <value>0x20000718</value>
         <object_component_ref idref="oc-2d5"/>
      </symbol>
      <symbol id="sm-a56">
         <name>__aeabi_dsub</name>
         <value>0x46b5</value>
         <object_component_ref idref="oc-2c0"/>
      </symbol>
      <symbol id="sm-a57">
         <name>__aeabi_dadd</name>
         <value>0x46bf</value>
         <object_component_ref idref="oc-2c0"/>
      </symbol>
      <symbol id="sm-a7e">
         <name>__aeabi_cdcmpeq</name>
         <value>0x53f5</value>
         <object_component_ref idref="oc-2c5"/>
      </symbol>
      <symbol id="sm-a7f">
         <name>__aeabi_cdcmple</name>
         <value>0x53f5</value>
         <object_component_ref idref="oc-2c5"/>
      </symbol>
      <symbol id="sm-a80">
         <name>__aeabi_cdrcmple</name>
         <value>0x547b</value>
         <object_component_ref idref="oc-38d"/>
      </symbol>
      <symbol id="sm-aa0">
         <name>__aeabi_ddiv</name>
         <value>0x49a1</value>
         <object_component_ref idref="oc-2ca"/>
      </symbol>
      <symbol id="sm-aae">
         <name>__aeabi_d2iz</name>
         <value>0x5c0d</value>
         <object_component_ref idref="oc-392"/>
      </symbol>
      <symbol id="sm-abb">
         <name>frexp</name>
         <value>0x5fa5</value>
         <object_component_ref idref="oc-3a2"/>
      </symbol>
      <symbol id="sm-ac7">
         <name>__aeabi_i2d</name>
         <value>0x5f49</value>
         <object_component_ref idref="oc-39d"/>
      </symbol>
      <symbol id="sm-ad8">
         <name>ldexp</name>
         <value>0x59eb</value>
         <object_component_ref idref="oc-3a8"/>
      </symbol>
      <symbol id="sm-ae7">
         <name>ltoa</name>
         <value>0x5995</value>
         <object_component_ref idref="oc-397"/>
      </symbol>
      <symbol id="sm-af7">
         <name>memccpy</name>
         <value>0x60c5</value>
         <object_component_ref idref="oc-3ba"/>
      </symbol>
      <symbol id="sm-b07">
         <name>strchr</name>
         <value>0x615d</value>
         <object_component_ref idref="oc-3ae"/>
      </symbol>
      <symbol id="sm-b15">
         <name>strlen</name>
         <value>0x61c5</value>
         <object_component_ref idref="oc-387"/>
      </symbol>
      <symbol id="sm-b3f">
         <name>__aeabi_uldivmod</name>
         <value>0x44c1</value>
         <object_component_ref idref="oc-382"/>
      </symbol>
      <symbol id="sm-b4d">
         <name>_Dclass</name>
         <value>0x5ee9</value>
         <object_component_ref idref="oc-3b4"/>
      </symbol>
      <symbol id="sm-b6e">
         <name>_Dscale</name>
         <value>0x4d31</value>
         <object_component_ref idref="oc-3fc"/>
      </symbol>
      <symbol id="sm-b82">
         <name>_Dunscale</name>
         <value>0x57b9</value>
         <object_component_ref idref="oc-3f4"/>
      </symbol>
      <symbol id="sm-b91">
         <name>_Feraise</name>
         <value>0x5f19</value>
         <object_component_ref idref="oc-402"/>
      </symbol>
      <symbol id="sm-ba1">
         <name>_Rteps</name>
         <value>0x200006b8</value>
         <object_component_ref idref="oc-430"/>
      </symbol>
      <symbol id="sm-ba2">
         <name>_Zero</name>
         <value>0x200006d0</value>
         <object_component_ref idref="oc-430"/>
      </symbol>
      <symbol id="sm-ba3">
         <name>_Hugeval</name>
         <value>0x20000678</value>
         <object_component_ref idref="oc-430"/>
      </symbol>
      <symbol id="sm-ba4">
         <name>_Snan</name>
         <value>0x200006a8</value>
         <object_component_ref idref="oc-430"/>
      </symbol>
      <symbol id="sm-ba5">
         <name>_Nan</name>
         <value>0x20000698</value>
         <object_component_ref idref="oc-430"/>
      </symbol>
      <symbol id="sm-ba6">
         <name>_Inf</name>
         <value>0x20000688</value>
         <object_component_ref idref="oc-430"/>
      </symbol>
      <symbol id="sm-ba7">
         <name>_Xbig</name>
         <value>0x200006c8</value>
         <object_component_ref idref="oc-430"/>
      </symbol>
      <symbol id="sm-ba8">
         <name>_Eps</name>
         <value>0x20000668</value>
         <object_component_ref idref="oc-430"/>
      </symbol>
      <symbol id="sm-ba9">
         <name>_Denorm</name>
         <value>0x20000658</value>
         <object_component_ref idref="oc-430"/>
      </symbol>
      <symbol id="sm-bc7">
         <name>feraiseexcept</name>
         <value>0x5dc5</value>
         <object_component_ref idref="oc-435"/>
      </symbol>
      <symbol id="sm-bc8">
         <name>_Tls_setup__Fenv</name>
         <value>0x2000070c</value>
         <object_component_ref idref="oc-459"/>
      </symbol>
      <symbol id="sm-bc9">
         <name>_Fenv</name>
         <value>0x20000708</value>
         <object_component_ref idref="oc-459"/>
      </symbol>
      <symbol id="sm-bdd">
         <name>raise</name>
         <value>0x5f77</value>
         <object_component_ref idref="oc-453"/>
      </symbol>
      <symbol id="sm-bf7">
         <name>signal</name>
         <value>0x5cdd</value>
         <object_component_ref idref="oc-45f"/>
      </symbol>
      <symbol id="sm-c0c">
         <name>_Dnorm</name>
         <value>0x5211</value>
         <object_component_ref idref="oc-426"/>
      </symbol>
      <symbol id="sm-c0d">
         <name>__TI_static_base__</name>
         <value>0x0</value>
      </symbol>
      <symbol id="sm-c10">
         <name>SHT$$INIT_ARRAY$$Limit</name>
         <value>0x0</value>
      </symbol>
      <symbol id="sm-c11">
         <name>SHT$$INIT_ARRAY$$Base</name>
         <value>0x0</value>
      </symbol>
   </symbol_table>
   <title>Link successful</title>
</link_info>
