******************************************************************************
                  TI ARM Linker PC v5.2.5                      
******************************************************************************
>> Linked Fri Jan 13 15:26:47 2017

OUTPUT FILE NAME:   <SDCS_beta.out>
ENTRY POINT SYMBOL: "_c_int00"  address: 00005a8d


MEMORY CONFIGURATION

         name            origin    length      used     unused   attr    fill
----------------------  --------  ---------  --------  --------  ----  --------
  MAIN                  00000000   00040000  0000693c  000396c4  R  X
  INFO                  00200000   00004000  00000000  00004000  R  X
  SRAM_CODE             01000000   00010000  00000000  00010000  RW X
  SRAM_DATA             20000000   00010000  00000923  0000f6dd  RW  


SEGMENT ALLOCATION MAP

run origin  load origin   length   init length attrs members
----------  ----------- ---------- ----------- ----- -------
00000000    00000000    00006940   00006940    r-x
  00000000    00000000    00000140   00000140    r-- .intvecs
  00000140    00000140    00006188   00006188    r-x .text
  000062c8    000062c8    000005fc   000005fc    r-- .const
  000068c8    000068c8    00000078   00000078    r-- .cinit
20000000    20000000    00000724   00000000    rw-
  20000000    20000000    000005a7   00000000    rw- .bss
  200005a8    200005a8    0000017c   00000000    rw- .data
2000fe00    2000fe00    00000200   00000000    rw-
  2000fe00    2000fe00    00000200   00000000    rw- .stack


SECTION ALLOCATION MAP

 output                                  attributes/
section   page    origin      length       input sections
--------  ----  ----------  ----------   ----------------
.intvecs   0    00000000    00000140     
                  00000000    00000140     msp432_startup_ccs.obj (.intvecs:retain)

.text      0    00000140    00006188     
                  00000140    000010ba     rtsv7M4_T_le_v4SPD16_eabi.lib : _printfi.obj (.text)
                  000011fa    00000002     --HOLE-- [fill = 0]
                  000011fc    00000ffc     mcp2515.obj (.text)
                  000021f8    00000a8a     RC522-multi.obj (.text)
                  00002c82    00000002     --HOLE-- [fill = 0]
                  00002c84    00000a70     OLED.obj (.text)
                  000036f4    00000950     SDCS_beta.obj (.text)
                  00004044    00000240     GUI.obj (.text)
                  00004284    0000023c     rtsv7M4_T_le_v4SPD16_eabi.lib : strtod.obj (.text)
                  000044c0    000001f4                                   : ull_div_t2.obj (.text)
                  000046b4    000001b6                                   : fd_add_t2.obj (.text)
                  0000486a    00000136     RingBuffer.obj (.text)
                  000049a0    00000136     rtsv7M4_T_le_v4SPD16_eabi.lib : fd_div_t2.obj (.text)
                  00004ad6    00000002     --HOLE-- [fill = 0]
                  00004ad8    0000012c     GaugeSensor.obj (.text)
                  00004c04    0000012c     wrappedi2c.obj (.text)
                  00004d30    00000110     rtsv7M4_T_le_v4SPD16_eabi.lib : xdscale.obj (.text)
                  00004e40    00000108     EDCTUComm.obj (.text)
                  00004f48    000000fc     rtsv7M4_T_le_v4SPD16_eabi.lib : fd_mul_t2.obj (.text)
                  00005044    000000ec     TimeOut.obj (.text)
                  00005130    000000e0     msp432p4xx_driverlib.lib : cs.o (.text:CS_initClockSignal)
                  00005210    000000be     rtsv7M4_T_le_v4SPD16_eabi.lib : xdnorm.obj (.text)
                  000052ce    0000009c                                   : memcpy_t2.obj (.text)
                  0000536a    00000002     --HOLE-- [fill = 0]
                  0000536c    00000088     msp432p4xx_driverlib.lib : flash.o (.text:_FlashCtl_Program32)
                  000053f4    00000086     rtsv7M4_T_le_v4SPD16_eabi.lib : fd_cmp_t2.obj (.text:__aeabi_cdcmple)
                  0000547a    00000086                                   : fd_cmp_t2.obj (.text:__aeabi_cdrcmple)
                  00005500    00000080     msp432p4xx_driverlib.lib : flash.o (.text:_FlashCtl_Program8)
                  00005580    0000007c                              : spi.o (.text:SPI_initMaster)
                  000055fc    0000007a     rtsv7M4_T_le_v4SPD16_eabi.lib : memset_t2.obj (.text)
                  00005676    00000002     --HOLE-- [fill = 0]
                  00005678    0000006c                                   : autoinit.obj (.text)
                  000056e4    0000006a     msp432p4xx_driverlib.lib : flash.o (.text:FlashCtl_programMemory)
                  0000574e    0000006a     rtsv7M4_T_le_v4SPD16_eabi.lib : copy_decompress_rle.obj (.text)
                  000057b8    00000066                                   : xdunscal.obj (.text)
                  0000581e    00000002     --HOLE-- [fill = 0]
                  00005820    00000064     msp432p4xx_driverlib.lib : interrupt.o (.text:Interrupt_enableInterrupt)
                  00005884    00000060     rtsv7M4_T_le_v4SPD16_eabi.lib : sprintf.obj (.text)
                  000058e4    00000058     msp432p4xx_driverlib.lib : flash.o (.text:FlashCtl_isSectorProtected)
                  0000593c    00000058                              : flash.o (.text:FlashCtl_unprotectSector)
                  00005994    00000056     rtsv7M4_T_le_v4SPD16_eabi.lib : ltoa.obj (.text)
                  000059ea    00000052                                   : ldexp.obj (.text)
                  00005a3c    00000050     msp432p4xx_driverlib.lib : flash.o (.text:FlashCtl_protectSector)
                  00005a8c    00000050     rtsv7M4_T_le_v4SPD16_eabi.lib : boot.obj (.text)
                  00005adc    0000004c     msp432p4xx_driverlib.lib : gpio.o (.text:GPIO_setAsPeripheralModuleFunctionInputPin)
                  00005b28    0000004c                              : i2c.o (.text:I2C_masterSendSingleByte)
                  00005b74    0000004c     rtsv7M4_T_le_v4SPD16_eabi.lib : atoi.obj (.text)
                  00005bc0    0000004c                                   : cpy_tbl.obj (.text)
                  00005c0c    00000048                                   : fd_toi_t2.obj (.text)
                  00005c54    00000044                                   : exit.obj (.text)
                  00005c98    00000044                                   : fd_tou_t2.obj (.text)
                  00005cdc    00000040                                   : signal.obj (.text)
                  00005d1c    0000003c     msp432p4xx_driverlib.lib : flash.o (.text:FlashCtl_clearProgramVerification)
                  00005d58    00000038                              : flash.o (.text:FlashCtl_setProgramVerification)
                  00005d90    00000034     msp432_startup_ccs.obj (.text)
                  00005dc4    00000034     rtsv7M4_T_le_v4SPD16_eabi.lib : feraiseexcept.obj (.text)
                  00005df8    00000030     msp432p4xx_driverlib.lib : gpio.o (.text:GPIO_getEnabledInterruptStatus)
                  00005e28    00000030                              : gpio.o (.text:GPIO_setAsInputPinWithPullUpResistor)
                  00005e58    00000030                              : i2c.o (.text:I2C_masterSendMultiByteStop)
                  00005e88    00000030                              : uart.o (.text:UART_getEnabledInterruptStatus)
                  00005eb8    00000030                              : spi.o (.text:is_A_Module)
                  00005ee8    00000030     rtsv7M4_T_le_v4SPD16_eabi.lib : xdclass.obj (.text)
                  00005f18    00000030                                   : xferaise.obj (.text)
                  00005f48    0000002e                                   : i_tofd_t2.obj (.text)
                  00005f76    0000002e                                   : raise.obj (.text)
                  00005fa4    0000002a                                   : frexp.obj (.text)
                  00005fce    00000002     --HOLE-- [fill = 0]
                  00005fd0    00000028     msp432p4xx_driverlib.lib : flash.o (.text:FlashCtl_eraseSector)
                  00005ff8    00000024                              : cs.o (.text:CS_setDCOCenteredFrequency)
                  0000601c    00000024                              : gpio.o (.text:GPIO_setAsOutputPin)
                  00006040    00000024                              : i2c.o (.text:I2C_masterSendMultiByteNext)
                  00006064    00000020                              : flash.o (.text:FlashCtl_enableWordProgramming)
                  00006084    00000020                              : gpio.o (.text:GPIO_interruptEdgeSelect)
                  000060a4    00000020                              : spi.o (.text:SPI_getInterruptStatus)
                  000060c4    0000001c     rtsv7M4_T_le_v4SPD16_eabi.lib : memccpy.obj (.text)
                  000060e0    0000001a     msp432p4xx_driverlib.lib : spi.o (.text:SPI_enableModule)
                  000060fa    00000002     --HOLE-- [fill = 0]
                  000060fc    00000018                              : gpio.o (.text:GPIO_clearInterruptFlag)
                  00006114    00000018                              : gpio.o (.text:GPIO_setOutputLowOnPin)
                  0000612c    00000018                              : wdt_a.o (.text:WDT_A_holdTimer)
                  00006144    00000018     rtsv7M4_T_le_v4SPD16_eabi.lib : args_main.obj (.text)
                  0000615c    00000016                                   : strchr.obj (.text)
                  00006172    00000002     --HOLE-- [fill = 0]
                  00006174    00000014     msp432p4xx_driverlib.lib : gpio.o (.text:GPIO_enableInterrupt)
                  00006188    00000014                              : gpio.o (.text:GPIO_setOutputHighOnPin)
                  0000619c    00000014                              : gpio.o (.text:GPIO_toggleOutputOnPin)
                  000061b0    00000014     rtsv7M4_T_le_v4SPD16_eabi.lib : _lock.obj (.text)
                  000061c4    00000014                                   : strlen.obj (.text)
                  000061d8    00000012                                   : atof.obj (.text)
                  000061ea    00000002     --HOLE-- [fill = 0]
                  000061ec    00000010     msp432p4xx_driverlib.lib : gpio.o (.text:GPIO_getInterruptStatus)
                  000061fc    00000010                              : i2c.o (.text:I2C_masterSendStart)
                  0000620c    00000010                              : reset.o (.text:ResetCtl_clearHardResetSource)
                  0000621c    00000010                              : reset.o (.text:ResetCtl_clearSoftResetSource)
                  0000622c    0000000e                              : uart.o (.text:UART_clearInterruptFlag)
                  0000623a    0000000e     rtsv7M4_T_le_v4SPD16_eabi.lib : copy_decompress_none.obj (.text:decompress:none)
                  00006248    0000000c     msp432p4xx_driverlib.lib : spi.o (.text:EUSCI_A_SPI_enable)
                  00006254    0000000c                              : spi.o (.text:EUSCI_B_SPI_enable)
                  00006260    0000000c                              : flash.o (.text:FlashCtl_disableWordProgramming)
                  0000626c    0000000c                              : flash.o (.text:FlashCtl_getInterruptStatus)
                  00006278    0000000c                              : reset.o (.text:ResetCtl_getHardResetSource)
                  00006284    0000000c                              : reset.o (.text:ResetCtl_getSoftResetSource)
                  00006290    0000000c     rtsv7M4_T_le_v4SPD16_eabi.lib : copy_zero_init.obj (.text:decompress:ZI)
                  0000629c    00000008     msp432p4xx_driverlib.lib : spi.o (.text:EUSCI_A_SPI_getInterruptStatus)
                  000062a4    00000008                              : spi.o (.text:EUSCI_B_SPI_getInterruptStatus)
                  000062ac    00000008                              : i2c.o (.text:I2C_isBusBusy)
                  000062b4    00000006                              : uart.o (.text:UART_getInterruptStatus)
                  000062ba    00000006     rtsv7M4_T_le_v4SPD16_eabi.lib : copy_decompress_rle.obj (.text:decompress:rle24)
                  000062c0    00000004     msp432p4xx_driverlib.lib : i2c.o (.text:I2C_setSlaveAddress)
                  000062c4    00000004     rtsv7M4_T_le_v4SPD16_eabi.lib : pre_init.obj (.text)

.const     0    000062c8    000005fc     
                  000062c8    000001d6     OLED.obj (.const:font5x8)
                  0000649e    00000160     OLED.obj (.const:.string:KLAsmall)
                  000065fe    00000101     rtsv7M4_T_le_v4SPD16_eabi.lib : ctype.obj (.const:.string:_ctypes_)
                  000066ff    00000001     --HOLE-- [fill = 0]
                  00006700    00000098                                   : strtod.obj (.const)
                  00006798    00000040     msp432p4xx_driverlib.lib : interrupt.o (.const)
                  000067d8    00000030                              : gpio.o (.const:GPIO_PORT_TO_BASE)
                  00006808    00000024     GaugeSensor.obj (.const:subUartConfig)
                  0000682c    00000024     SDCS_beta.obj (.const:uartConfig)
                  00006850    0000001c     RC522-multi.obj (.const)
                  0000686c    0000001c     mcp2515.obj (.const)
                  00006888    00000018     SDCS_beta.obj (.const)
                  000068a0    00000014     wrappedi2c.obj (.const)
                  000068b4    00000010     OLED.obj (.const:.string)

.cinit     0    000068c8    00000078     
                  000068c8    0000004f     (.cinit..data.load) [load image, compression = rle]
                  00006917    00000001     --HOLE-- [fill = 0]
                  00006918    0000000c     (__TI_handler_table)
                  00006924    00000004     --HOLE-- [fill = 0]
                  00006928    00000008     (.cinit..bss.load) [load image, compression = zero_init]
                  00006930    00000010     (__TI_cinit_table)

.init_array 
*          0    00000000    00000000     UNINITIALIZED

.bss       0    20000000    000005a7     UNINITIALIZED
                  20000000    0000040c     wrappedi2c.obj (.bss:i2c_buffer)
                  2000040c    00000064     OLED.obj (.bss:ContentArray)
                  20000470    00000064     GaugeSensor.obj (.bss:GaugeRingBuffer)
                  200004d4    00000038     SDCS_beta.obj (.bss:DaTaPacket)
                  2000050c    00000020     (.common:UUID)
                  2000052c    00000018     (.common:ADCsum)
                  20000544    00000018     (.common:OLED_display_array)
                  2000055c    00000010     (.common:GagueDataRing)
                  2000056c    0000000c     (.common:ADCSeq)
                  20000578    0000000c     (.common:ADCresult)
                  20000584    0000000c     (.common:counter$1)
                  20000590    00000008     (.common:EGunstage)
                  20000598    00000008     (.common:Inputstate)
                  200005a0    00000001     (.common:m_col)
                  200005a1    00000001     (.common:m_row)
                  200005a2    00000001     (.common:mcp2515_buf)
                  200005a3    00000001     (.common:mcp2515_ctrl)
                  200005a4    00000001     (.common:mcp2515_exmask)
                  200005a5    00000001     (.common:mcp2515_irq)
                  200005a6    00000001     (.common:mcp2515_txb)

.TI.noinit 
*          0    20000000    00000000     UNINITIALIZED

.data      0    200005a8    0000017c     UNINITIALIZED
                  200005a8    000000b0     rtsv7M4_T_le_v4SPD16_eabi.lib : signal.obj (.data:sigtable)
                  20000658    00000080                                   : xvalues.obj (.data)
                  200006d8    0000000d     GUI.obj (.data)
                  200006e5    0000000a     OLED.obj (.data)
                  200006ef    00000001     GaugeSensor.obj (.data)
                  200006f0    00000008     TimeOut.obj (.data)
                  200006f8    00000008     rtsv7M4_T_le_v4SPD16_eabi.lib : _lock.obj (.data)
                  20000700    00000008                                   : exit.obj (.data)
                  20000708    00000008                                   : feraiseexcept.obj (.data)
                  20000710    00000007     SDCS_beta.obj (.data)
                  20000717    00000001     --HOLE--
                  20000718    00000004     rtsv7M4_T_le_v4SPD16_eabi.lib : errno.obj (.data)
                  2000071c    00000004                                   : stkdepth_vars.obj (.data)
                  20000720    00000004     wrappedi2c.obj (.data)

.TI.persistent 
*          0    200005a8    00000000     UNINITIALIZED

.stack     0    2000fe00    00000200     UNINITIALIZED
                  2000fe00    00000200     --HOLE--


LINKER GENERATED COPY TABLES

__TI_cinit_table @ 00006930 records: 2, size/record: 8, table size: 16
	.data: load addr=000068c8, load size=0000004f bytes, run addr=200005a8, run size=0000017c bytes, compression=rle
	.bss: load addr=00006928, load size=00000008 bytes, run addr=20000000, run size=000005a7 bytes, compression=zero_init


LINKER GENERATED HANDLER TABLE

__TI_handler_table @ 00006918 records: 3, size/record: 4, table size: 12
	index: 0, handler: __TI_decompress_rle24
	index: 1, handler: __TI_decompress_none
	index: 2, handler: __TI_zero_init


GLOBAL SYMBOLS: SORTED ALPHABETICALLY BY Name 

address   name                                      
-------   ----                                      
2000056c  ADCSeq                                    
00003813  ADC_Init                                  
20000578  ADCresult                                 
2000052c  ADCsum                                    
0000396b  Button_Init                               
200006d8  Button_Status                             
00005c55  C$$EXIT                                   
00001277  CAN_CS_HIGH                               
0000126b  CAN_CS_LOW                                
000011fd  CAN_Response_Addr                         
0000120f  CAN_SendData_Addr                         
000068b4  CAN_icon                                  
00005131  CS_initClockSignal                        
00005ff9  CS_setDCOCenteredFrequency                
2000040c  ContentArray                              
200004d4  DaTaPacket                                
000050fd  Delay_50ms                                
00002f4d  DrawLogo_small                            
00002f6f  Draw_CAN_icon                             
20000590  EGunstage                                 
00006249  EUSCI_A_SPI_enable                        
0000629d  EUSCI_A_SPI_getInterruptStatus            
00006255  EUSCI_B_SPI_enable                        
000062a5  EUSCI_B_SPI_getInterruptStatus            
00005d1d  FlashCtl_clearProgramVerification         
00006261  FlashCtl_disableWordProgramming           
00006065  FlashCtl_enableWordProgramming            
00005fd1  FlashCtl_eraseSector                      
0000626d  FlashCtl_getInterruptStatus               
000058e5  FlashCtl_isSectorProtected                
000056e5  FlashCtl_programMemory                    
00005a3d  FlashCtl_protectSector                    
00005d59  FlashCtl_setProgramVerification           
0000593d  FlashCtl_unprotectSector                  
000060fd  GPIO_clearInterruptFlag                   
00006175  GPIO_enableInterrupt                      
00005df9  GPIO_getEnabledInterruptStatus            
000061ed  GPIO_getInterruptStatus                   
00006085  GPIO_interruptEdgeSelect                  
00005e29  GPIO_setAsInputPinWithPullUpResistor      
0000601d  GPIO_setAsOutputPin                       
00005add  GPIO_setAsPeripheralModuleFunctionInputPin
00006189  GPIO_setOutputHighOnPin                   
00006115  GPIO_setOutputLowOnPin                    
0000619d  GPIO_toggleOutputOnPin                    
2000055c  GagueDataRing                             
20000712  GaugePressureValue                        
20000470  GaugeRingBuffer                           
00004ad9  GaugeSensor_Read_Init                     
00004b13  Gauge_Read_Value                          
00004c05  I2C_Init1                                 
000062ad  I2C_isBusBusy                             
00006041  I2C_masterSendMultiByteNext               
00005e59  I2C_masterSendMultiByteStop               
00005b29  I2C_masterSendSingleByte                  
000061fd  I2C_masterSendStart                       
000062c1  I2C_setSlaveAddress                       
20000714  IdleMode                                  
00003957  InputSwitches_Init                        
00003cf5  Inputcheck                                
20000598  Inputstate                                
00005821  Interrupt_enableInterrupt                 
0000649e  KLAsmall                                  
0000376f  MainClock_Init                            
00002d7f  OLED_Address_ChangeCANAddr                
00002d61  OLED_Address_Page                         
200006e6  OLED_CTRL                                 
00002ecf  OLED_Gauge_detected_display               
00002ccb  OLED_Main_Menu                            
00004127  OLED_Menu                                 
00002c85  OLED_RST                                  
00002ddb  OLED_Start_Page                           
00002e15  OLED_Station_display                      
00002e73  OLED_Station_eGunisOn_display             
00002e37  OLED_Station_isConnected_display          
200006ea  OLED_clear_height                         
200006e9  OLED_clear_width                          
200006e7  OLED_clear_x                              
200006e8  OLED_clear_y                              
20000544  OLED_display_array                        
200006eb  OLED_setCursor_x                          
200006ec  OLED_setCursor_y                          
200006e5  OLED_status                               
00003085  OLEDbegin                                 
00003205  OLEDclear                                 
000034a5  OLEDprint                                 
00003551  OLEDprintln                               
000034ef  OLEDprintwrap                             
00003021  OLEDsinglePrint                           
00003c25  Packet_Feeding                            
20000715  PresencePacket                            
00003e19  PullDown_Switch                           
0000241d  RC522_AntennaOff                          
000023f1  RC522_AntennaOn                           
0000278d  RC522_Anticoll                            
0000297d  RC522_Auth                                
000021f9  RC522_CS_HIGH                             
0000225d  RC522_CS_LOW                              
0000282d  RC522_CalculateCRC                        
000023bb  RC522_ClearBitMask                        
00002b9d  RC522_Halt                                
00002445  RC522_Indi_Init                           
000024a5  RC522_Init                                
000022c1  RC522_NRSTPD_HIGH                         
000022cd  RC522_NRSTPD_LOW                          
00002a43  RC522_ReadBlock                           
00002555  RC522_Request                             
00002431  RC522_Reset                               
000022d9  RC522_SPI_transfer                        
000028df  RC522_SelectTag                           
00002385  RC522_SetBitMask                          
000025bd  RC522_ToCard                              
00002aa9  RC522_WriteBlock                          
00002347  RC522_r_reg                               
00002311  RC522_w_reg                               
00002bf1  RFID_ReadTag                              
00003b49  RFID_task                                 
00002ca7  Read_CanAddress                           
0000620d  ResetCtl_clearHardResetSource             
0000621d  ResetCtl_clearSoftResetSource             
00006279  ResetCtl_getHardResetSource               
00006285  ResetCtl_getSoftResetSource               
20000711  SDCS_NW_ID                                
20000710  SDCS_status                               
UNDEFED   SHT$$INIT_ARRAY$$Base                     
UNDEFED   SHT$$INIT_ARRAY$$Limit                    
000060e1  SPI_enableModule                          
000060a5  SPI_getInterruptStatus                    
00005581  SPI_initMaster                            
200006d9  SetupFinish                               
00002fed  ShowLoadingScreen                         
000037f5  SystemTick_Init                           
00003a49  System_setup                              
200006f4  Systickcnt                                
000050d1  TITaskDelayUntil                          
200006f0  Tick_counter                              
0000622d  UART_clearInterruptFlag                   
00005e89  UART_getEnabledInterruptStatus            
000062b5  UART_getInterruptStatus                   
000037d1  UART_init                                 
2000050c  UUID                                      
4000480c  WDTCTL_SYM                                
0000612d  WDT_A_holdTimer                           
00003755  Watchdog_Init                             
00002fad  WriteCommand                              
000040eb  Write_CanAddress                          
00005ee9  _Dclass                                   
20000658  _Denorm                                   
00005211  _Dnorm                                    
00004d31  _Dscale                                   
000057b9  _Dunscale                                 
20000668  _Eps                                      
20000718  _Errno                                    
20000708  _Fenv                                     
00005f19  _Feraise                                  
20000678  _Hugeval                                  
20000688  _Inf                                      
20000698  _Nan                                      
200006b8  _Rteps                                    
200006a8  _Snan                                     
2000070c  _Tls_setup__Fenv                          
200006c8  _Xbig                                     
200006d0  _Zero                                     
20010000  __STACK_END                               
00000200  __STACK_SIZE                              
00006930  __TI_CINIT_Base                           
00006940  __TI_CINIT_Limit                          
00006918  __TI_Handler_Table_Base                   
00006924  __TI_Handler_Table_Limit                  
00005679  __TI_auto_init                            
20000700  __TI_cleanup_ptr                          
0000623b  __TI_decompress_none                      
000062bb  __TI_decompress_rle24                     
20000704  __TI_dtors_ptr                            
00000ef5  __TI_printfi                              
00000000  __TI_static_base__                        
00006291  __TI_zero_init                            
000053f5  __aeabi_cdcmpeq                           
000053f5  __aeabi_cdcmple                           
0000547b  __aeabi_cdrcmple                          
00005c0d  __aeabi_d2iz                              
00005c99  __aeabi_d2uiz                             
000046bf  __aeabi_dadd                              
000049a1  __aeabi_ddiv                              
00004f49  __aeabi_dmul                              
000046b5  __aeabi_dsub                              
00005f49  __aeabi_i2d                               
000055fd  __aeabi_memclr                            
000055fd  __aeabi_memclr4                           
000055fd  __aeabi_memclr8                           
000052cf  __aeabi_memcpy                            
000052cf  __aeabi_memcpy4                           
000052cf  __aeabi_memcpy8                           
000055ff  __aeabi_memset                            
000055ff  __aeabi_memset4                           
000055ff  __aeabi_memset8                           
000044c1  __aeabi_uldivmod                          
ffffffff  __binit__                                 
ffffffff  __c_args__                                
2000fe00  __stack                                   
00006145  _args_main                                
00005a8d  _c_int00                                  
000065fe  _ctypes_                                  
200006f8  _lock                                     
000061bf  _nop                                      
000061b7  _register_lock                            
000061b1  _register_unlock                          
000062c5  _system_pre_init                          
200006fc  _unlock                                   
00005c59  abort                                     
00003f11  adc14isr                                  
00004c63  addToI2CBuffer                            
000068bc  arrow8x8                                  
000061d9  atof                                      
00005b75  atoi                                      
ffffffff  binit                                     
00004045  buttonisr                                 
000021ad  can_clear_buserror                        
000016d3  can_compose_msgid_ext                     
00001697  can_compose_msgid_std                     
000014d7  can_init                                  
00001cb9  can_ioctl                                 
00001f99  can_irq_handler                           
0000171f  can_parse_msgid                           
0000188d  can_query                                 
000012c1  can_r_reg                                 
00001403  can_r_rxbuf                               
00001f61  can_read_error                            
00001a37  can_recv                                  
00001c81  can_rx_mode                               
00001ad5  can_rx_pending                            
00001bb7  can_rx_setfilter                          
00001b05  can_rx_setmask                            
00001789  can_send                                  
0000152d  can_speed                                 
00001283  can_spi_command                           
00001461  can_spi_init                              
0000129b  can_spi_query                             
00001227  can_spi_transmit                          
000019ff  can_tx_available                          
00001981  can_tx_cancel                             
00001373  can_w_bit                                 
0000131b  can_w_reg                                 
000013a9  can_w_txbuf                               
00004e41  canisr                                    
00005bc1  copy_in                                   
000035f1  draw                                      
00005c61  exit                                      
00005dc5  feraiseexcept                             
000062c8  font5x8                                   
00005fa5  frexp                                     
00004b75  gaugesensorisr                            
000036f5  getRS_src                                 
000068a0  i2cConfig                                 
20000000  i2c_buffer                                
20000720  i2c_indicator                             
00000000  interruptVectors                          
000059eb  ldexp                                     
00005995  ltoa                                      
200005a0  m_col                                     
200005a1  m_row                                     
00003d85  main                                      
2000071c  main_func_sp                              
200005a2  mcp2515_buf                               
200005a3  mcp2515_ctrl                              
200005a4  mcp2515_exmask                            
200005a5  mcp2515_irq                               
200005a6  mcp2515_txb                               
000060c5  memccpy                                   
000052cf  memcpy                                    
00005605  memset                                    
00002efb  move_arrow                                
00005f77  raise                                     
0000509f  registerTimeOut                           
00004939  ringbuffer_empty                          
0000486b  ringbuffer_init                           
000048f7  ringbuffer_read_byte                      
00004951  ringbuffer_read_history_elements          
000048a3  ringbuffer_write_byte                     
00004c83  sendI2CBuffer                             
000035a1  setCursor                                 
00005cdd  signal                                    
0000686c  spiMasterConfig                           
00006850  spiRC522MasterConfig                      
00005885  sprintf                                   
00005089  startTimer                                
0000615d  strchr                                    
000061c5  strlen                                    
00004285  strtod                                    
00004285  strtold                                   
00006808  subUartConfig                             
00005045  systickisr                                
000039d7  testCAN                                   
000050b1  timeIsOut                                 
00005093  timerElapsed                              
00005061  timera0isr                                
0000682c  uartConfig                                
00006888  upConfig                                  
00003325  write                                     
00003415  writeDigit                                


GLOBAL SYMBOLS: SORTED BY Symbol Address 

address   name                                      
-------   ----                                      
00000000  __TI_static_base__                        
00000000  interruptVectors                          
00000200  __STACK_SIZE                              
00000ef5  __TI_printfi                              
000011fd  CAN_Response_Addr                         
0000120f  CAN_SendData_Addr                         
00001227  can_spi_transmit                          
0000126b  CAN_CS_LOW                                
00001277  CAN_CS_HIGH                               
00001283  can_spi_command                           
0000129b  can_spi_query                             
000012c1  can_r_reg                                 
0000131b  can_w_reg                                 
00001373  can_w_bit                                 
000013a9  can_w_txbuf                               
00001403  can_r_rxbuf                               
00001461  can_spi_init                              
000014d7  can_init                                  
0000152d  can_speed                                 
00001697  can_compose_msgid_std                     
000016d3  can_compose_msgid_ext                     
0000171f  can_parse_msgid                           
00001789  can_send                                  
0000188d  can_query                                 
00001981  can_tx_cancel                             
000019ff  can_tx_available                          
00001a37  can_recv                                  
00001ad5  can_rx_pending                            
00001b05  can_rx_setmask                            
00001bb7  can_rx_setfilter                          
00001c81  can_rx_mode                               
00001cb9  can_ioctl                                 
00001f61  can_read_error                            
00001f99  can_irq_handler                           
000021ad  can_clear_buserror                        
000021f9  RC522_CS_HIGH                             
0000225d  RC522_CS_LOW                              
000022c1  RC522_NRSTPD_HIGH                         
000022cd  RC522_NRSTPD_LOW                          
000022d9  RC522_SPI_transfer                        
00002311  RC522_w_reg                               
00002347  RC522_r_reg                               
00002385  RC522_SetBitMask                          
000023bb  RC522_ClearBitMask                        
000023f1  RC522_AntennaOn                           
0000241d  RC522_AntennaOff                          
00002431  RC522_Reset                               
00002445  RC522_Indi_Init                           
000024a5  RC522_Init                                
00002555  RC522_Request                             
000025bd  RC522_ToCard                              
0000278d  RC522_Anticoll                            
0000282d  RC522_CalculateCRC                        
000028df  RC522_SelectTag                           
0000297d  RC522_Auth                                
00002a43  RC522_ReadBlock                           
00002aa9  RC522_WriteBlock                          
00002b9d  RC522_Halt                                
00002bf1  RFID_ReadTag                              
00002c85  OLED_RST                                  
00002ca7  Read_CanAddress                           
00002ccb  OLED_Main_Menu                            
00002d61  OLED_Address_Page                         
00002d7f  OLED_Address_ChangeCANAddr                
00002ddb  OLED_Start_Page                           
00002e15  OLED_Station_display                      
00002e37  OLED_Station_isConnected_display          
00002e73  OLED_Station_eGunisOn_display             
00002ecf  OLED_Gauge_detected_display               
00002efb  move_arrow                                
00002f4d  DrawLogo_small                            
00002f6f  Draw_CAN_icon                             
00002fad  WriteCommand                              
00002fed  ShowLoadingScreen                         
00003021  OLEDsinglePrint                           
00003085  OLEDbegin                                 
00003205  OLEDclear                                 
00003325  write                                     
00003415  writeDigit                                
000034a5  OLEDprint                                 
000034ef  OLEDprintwrap                             
00003551  OLEDprintln                               
000035a1  setCursor                                 
000035f1  draw                                      
000036f5  getRS_src                                 
00003755  Watchdog_Init                             
0000376f  MainClock_Init                            
000037d1  UART_init                                 
000037f5  SystemTick_Init                           
00003813  ADC_Init                                  
00003957  InputSwitches_Init                        
0000396b  Button_Init                               
000039d7  testCAN                                   
00003a49  System_setup                              
00003b49  RFID_task                                 
00003c25  Packet_Feeding                            
00003cf5  Inputcheck                                
00003d85  main                                      
00003e19  PullDown_Switch                           
00003f11  adc14isr                                  
00004045  buttonisr                                 
000040eb  Write_CanAddress                          
00004127  OLED_Menu                                 
00004285  strtod                                    
00004285  strtold                                   
000044c1  __aeabi_uldivmod                          
000046b5  __aeabi_dsub                              
000046bf  __aeabi_dadd                              
0000486b  ringbuffer_init                           
000048a3  ringbuffer_write_byte                     
000048f7  ringbuffer_read_byte                      
00004939  ringbuffer_empty                          
00004951  ringbuffer_read_history_elements          
000049a1  __aeabi_ddiv                              
00004ad9  GaugeSensor_Read_Init                     
00004b13  Gauge_Read_Value                          
00004b75  gaugesensorisr                            
00004c05  I2C_Init1                                 
00004c63  addToI2CBuffer                            
00004c83  sendI2CBuffer                             
00004d31  _Dscale                                   
00004e41  canisr                                    
00004f49  __aeabi_dmul                              
00005045  systickisr                                
00005061  timera0isr                                
00005089  startTimer                                
00005093  timerElapsed                              
0000509f  registerTimeOut                           
000050b1  timeIsOut                                 
000050d1  TITaskDelayUntil                          
000050fd  Delay_50ms                                
00005131  CS_initClockSignal                        
00005211  _Dnorm                                    
000052cf  __aeabi_memcpy                            
000052cf  __aeabi_memcpy4                           
000052cf  __aeabi_memcpy8                           
000052cf  memcpy                                    
000053f5  __aeabi_cdcmpeq                           
000053f5  __aeabi_cdcmple                           
0000547b  __aeabi_cdrcmple                          
00005581  SPI_initMaster                            
000055fd  __aeabi_memclr                            
000055fd  __aeabi_memclr4                           
000055fd  __aeabi_memclr8                           
000055ff  __aeabi_memset                            
000055ff  __aeabi_memset4                           
000055ff  __aeabi_memset8                           
00005605  memset                                    
00005679  __TI_auto_init                            
000056e5  FlashCtl_programMemory                    
000057b9  _Dunscale                                 
00005821  Interrupt_enableInterrupt                 
00005885  sprintf                                   
000058e5  FlashCtl_isSectorProtected                
0000593d  FlashCtl_unprotectSector                  
00005995  ltoa                                      
000059eb  ldexp                                     
00005a3d  FlashCtl_protectSector                    
00005a8d  _c_int00                                  
00005add  GPIO_setAsPeripheralModuleFunctionInputPin
00005b29  I2C_masterSendSingleByte                  
00005b75  atoi                                      
00005bc1  copy_in                                   
00005c0d  __aeabi_d2iz                              
00005c55  C$$EXIT                                   
00005c59  abort                                     
00005c61  exit                                      
00005c99  __aeabi_d2uiz                             
00005cdd  signal                                    
00005d1d  FlashCtl_clearProgramVerification         
00005d59  FlashCtl_setProgramVerification           
00005dc5  feraiseexcept                             
00005df9  GPIO_getEnabledInterruptStatus            
00005e29  GPIO_setAsInputPinWithPullUpResistor      
00005e59  I2C_masterSendMultiByteStop               
00005e89  UART_getEnabledInterruptStatus            
00005ee9  _Dclass                                   
00005f19  _Feraise                                  
00005f49  __aeabi_i2d                               
00005f77  raise                                     
00005fa5  frexp                                     
00005fd1  FlashCtl_eraseSector                      
00005ff9  CS_setDCOCenteredFrequency                
0000601d  GPIO_setAsOutputPin                       
00006041  I2C_masterSendMultiByteNext               
00006065  FlashCtl_enableWordProgramming            
00006085  GPIO_interruptEdgeSelect                  
000060a5  SPI_getInterruptStatus                    
000060c5  memccpy                                   
000060e1  SPI_enableModule                          
000060fd  GPIO_clearInterruptFlag                   
00006115  GPIO_setOutputLowOnPin                    
0000612d  WDT_A_holdTimer                           
00006145  _args_main                                
0000615d  strchr                                    
00006175  GPIO_enableInterrupt                      
00006189  GPIO_setOutputHighOnPin                   
0000619d  GPIO_toggleOutputOnPin                    
000061b1  _register_unlock                          
000061b7  _register_lock                            
000061bf  _nop                                      
000061c5  strlen                                    
000061d9  atof                                      
000061ed  GPIO_getInterruptStatus                   
000061fd  I2C_masterSendStart                       
0000620d  ResetCtl_clearHardResetSource             
0000621d  ResetCtl_clearSoftResetSource             
0000622d  UART_clearInterruptFlag                   
0000623b  __TI_decompress_none                      
00006249  EUSCI_A_SPI_enable                        
00006255  EUSCI_B_SPI_enable                        
00006261  FlashCtl_disableWordProgramming           
0000626d  FlashCtl_getInterruptStatus               
00006279  ResetCtl_getHardResetSource               
00006285  ResetCtl_getSoftResetSource               
00006291  __TI_zero_init                            
0000629d  EUSCI_A_SPI_getInterruptStatus            
000062a5  EUSCI_B_SPI_getInterruptStatus            
000062ad  I2C_isBusBusy                             
000062b5  UART_getInterruptStatus                   
000062bb  __TI_decompress_rle24                     
000062c1  I2C_setSlaveAddress                       
000062c5  _system_pre_init                          
000062c8  font5x8                                   
0000649e  KLAsmall                                  
000065fe  _ctypes_                                  
00006808  subUartConfig                             
0000682c  uartConfig                                
00006850  spiRC522MasterConfig                      
0000686c  spiMasterConfig                           
00006888  upConfig                                  
000068a0  i2cConfig                                 
000068b4  CAN_icon                                  
000068bc  arrow8x8                                  
00006918  __TI_Handler_Table_Base                   
00006924  __TI_Handler_Table_Limit                  
00006930  __TI_CINIT_Base                           
00006940  __TI_CINIT_Limit                          
20000000  i2c_buffer                                
2000040c  ContentArray                              
20000470  GaugeRingBuffer                           
200004d4  DaTaPacket                                
2000050c  UUID                                      
2000052c  ADCsum                                    
20000544  OLED_display_array                        
2000055c  GagueDataRing                             
2000056c  ADCSeq                                    
20000578  ADCresult                                 
20000590  EGunstage                                 
20000598  Inputstate                                
200005a0  m_col                                     
200005a1  m_row                                     
200005a2  mcp2515_buf                               
200005a3  mcp2515_ctrl                              
200005a4  mcp2515_exmask                            
200005a5  mcp2515_irq                               
200005a6  mcp2515_txb                               
20000658  _Denorm                                   
20000668  _Eps                                      
20000678  _Hugeval                                  
20000688  _Inf                                      
20000698  _Nan                                      
200006a8  _Snan                                     
200006b8  _Rteps                                    
200006c8  _Xbig                                     
200006d0  _Zero                                     
200006d8  Button_Status                             
200006d9  SetupFinish                               
200006e5  OLED_status                               
200006e6  OLED_CTRL                                 
200006e7  OLED_clear_x                              
200006e8  OLED_clear_y                              
200006e9  OLED_clear_width                          
200006ea  OLED_clear_height                         
200006eb  OLED_setCursor_x                          
200006ec  OLED_setCursor_y                          
200006f0  Tick_counter                              
200006f4  Systickcnt                                
200006f8  _lock                                     
200006fc  _unlock                                   
20000700  __TI_cleanup_ptr                          
20000704  __TI_dtors_ptr                            
20000708  _Fenv                                     
2000070c  _Tls_setup__Fenv                          
20000710  SDCS_status                               
20000711  SDCS_NW_ID                                
20000712  GaugePressureValue                        
20000714  IdleMode                                  
20000715  PresencePacket                            
20000718  _Errno                                    
2000071c  main_func_sp                              
20000720  i2c_indicator                             
2000fe00  __stack                                   
20010000  __STACK_END                               
4000480c  WDTCTL_SYM                                
ffffffff  __binit__                                 
ffffffff  __c_args__                                
ffffffff  binit                                     
UNDEFED   SHT$$INIT_ARRAY$$Base                     
UNDEFED   SHT$$INIT_ARRAY$$Limit                    

[300 symbols]
